
[0;36m                                      _..._      [0m
[0;36m                      .-''-.       .-'_..._''.   [0m
[0;36m   __  __   ___     .' .-.  )    .' .'      '.\  [0m
[0;36m  |  |/  `.'   `.  / .'  / /    / .'             [0m
[0;36m  |   .-.  .-.   '(_/   / /    . '               [0m
[0;36m  |  |  |  |  |  |     / /     | |               [0m
[0;36m  |  |  |  |  |  |    / /      | |               [0m
[0;36m  |  |  |  |  |  |   . '       . '               [0m
[0;36m  |  |  |  |  |  |  / /    _.-')\ '.          .  [0m
[0;36m  |__|  |__|  |__|.' '  _.'.-''  '. `._____.-'/  [0m
[0;36m                 /  /.-'_.'        `-.______ /   [0m
[0;36m                /    _.'                    `    [0m
[0;36m               ( _.-'                            [0m

Revision: 24a88ff+ | Branch: main | Tag: 
Computation started at: 2024-02-18.11:48:42 EDT
Using 1 processor cores (including concurrent programs).
Command: /home/kevinw3/tinkercliffs/zoey6/m2c input.st

[0;32m==========================================[0m
[0;32m                 START                    [0m
[0;32m==========================================[0m


- Mesh Statistics:
  X-Direction: [0.000000e+00, 1.000000e+00], 200 nodes/cells, dx_min = 5.000000e-03, dx_max = 5.000000e-03.
  Y-Direction: [-3.000000e-02, 3.000000e-02], 1 nodes/cells, dy_min = 6.000000e-02, dy_max = 6.000000e-02.
  Z-Direction: [-3.000000e-02, 3.000000e-02], 1 nodes/cells, dz_min = 6.000000e-02, dz_max = 6.000000e-02.
  Total number of nodes/cells: 200.
  o Number of ghost nodes inside computational domain (overlapping between subdomains): 0
  o Number of ghost nodes outside computational domain: 1618


- Initializing the state variables (V) and material id. (ID).
  o Found Plane[0]: (4.000000e-01 0.000000e+00 0.000000e+00) | normal: (1.000000e+00 0.000000e+00 0.000000e+00). material id: 1.

- Initializing Phi[0] for tracking the boundary of material 1.

- [Line Plot] (2.500000e-03, 0.000000e+00, 0.000000e+00) --> (9.975000e-01, 0.000000e+00, 0.000000e+00), 200 points.

----------------------------
--       Main Loop        --
----------------------------
- Wrote solution at 0.000000e+00 to solution_0000.vtr.
Step 1: t = 0.000000e+00, dt = 5.738878e-10, cfl = 8.0000e-01. Computation time: 1.0000e-02 s.
Warning: The artificial state in the generalized Roe flux function loses hyperbolicity (c_hat_square = -2.852294e+14). Setting c_hat = 1.000000e-10.
Step 2: t = 5.738878e-10, dt = 5.615135e-10, cfl = 8.0000e-01. Computation time: 1.0000e-02 s.
Step 3: t = 1.135401e-09, dt = 3.941296e-10, cfl = 8.0000e-01. Computation time: 1.0000e-02 s.
Step 4: t = 1.529531e-09, dt = 5.386531e-10, cfl = 8.0000e-01. Computation time: 1.0000e-02 s.
Step 5: t = 2.068184e-09, dt = 4.276835e-10, cfl = 8.0000e-01. Computation time: 1.0000e-02 s.
Step 6: t = 2.495867e-09, dt = 3.354606e-10, cfl = 8.0000e-01. Computation time: 1.0000e-02 s.
Step 7: t = 2.831328e-09, dt = 3.066086e-10, cfl = 8.0000e-01. Computation time: 1.0000e-02 s.
Step 8: t = 3.137937e-09, dt = 3.100625e-10, cfl = 8.0000e-01. Computation time: 2.0000e-02 s.
Step 9: t = 3.447999e-09, dt = 3.881422e-10, cfl = 8.0000e-01. Computation time: 2.0000e-02 s.
Step 10: t = 3.836141e-09, dt = 3.563310e-10, cfl = 8.0000e-01. Computation time: 2.0000e-02 s.
Step 11: t = 4.192472e-09, dt = 3.611010e-10, cfl = 8.0000e-01. Computation time: 2.0000e-02 s.
Step 12: t = 4.553573e-09, dt = 3.786631e-10, cfl = 8.0000e-01. Computation time: 2.0000e-02 s.
Step 13: t = 4.932236e-09, dt = 3.929551e-10, cfl = 8.0000e-01. Computation time: 2.0000e-02 s.
Step 14: t = 5.325191e-09, dt = 4.018146e-10, cfl = 8.0000e-01. Computation time: 2.0000e-02 s.
Step 15: t = 5.727006e-09, dt = 4.101916e-10, cfl = 8.0000e-01. Computation time: 2.0000e-02 s.
Step 16: t = 6.137198e-09, dt = 4.140646e-10, cfl = 8.0000e-01. Computation time: 2.0000e-02 s.
Step 17: t = 6.551262e-09, dt = 4.161495e-10, cfl = 8.0000e-01. Computation time: 2.0000e-02 s.
Step 18: t = 6.967412e-09, dt = 4.173022e-10, cfl = 8.0000e-01. Computation time: 2.0000e-02 s.
Step 19: t = 7.384714e-09, dt = 4.178387e-10, cfl = 8.0000e-01. Computation time: 2.0000e-02 s.
Step 20: t = 7.802553e-09, dt = 4.198491e-10, cfl = 8.0000e-01. Computation time: 3.0000e-02 s.
- Wrote solution at 8.222402e-09 to solution_0001.vtr.
Step 21: t = 8.222402e-09, dt = 4.197975e-10, cfl = 8.0000e-01. Computation time: 3.0000e-02 s.
Step 22: t = 8.642199e-09, dt = 4.195627e-10, cfl = 8.0000e-01. Computation time: 3.0000e-02 s.
Step 23: t = 9.061762e-09, dt = 4.192393e-10, cfl = 8.0000e-01. Computation time: 3.0000e-02 s.
Step 24: t = 9.481001e-09, dt = 4.188802e-10, cfl = 8.0000e-01. Computation time: 3.0000e-02 s.
Step 25: t = 9.899881e-09, dt = 4.198950e-10, cfl = 8.0000e-01. Computation time: 3.0000e-02 s.
Step 26: t = 1.031978e-08, dt = 4.192057e-10, cfl = 8.0000e-01. Computation time: 3.0000e-02 s.
Step 27: t = 1.073898e-08, dt = 4.186780e-10, cfl = 8.0000e-01. Computation time: 3.0000e-02 s.
Step 28: t = 1.115766e-08, dt = 4.182795e-10, cfl = 8.0000e-01. Computation time: 3.0000e-02 s.
Step 29: t = 1.157594e-08, dt = 4.179520e-10, cfl = 8.0000e-01. Computation time: 3.0000e-02 s.
Step 30: t = 1.199389e-08, dt = 4.176643e-10, cfl = 8.0000e-01. Computation time: 3.0000e-02 s.
Step 31: t = 1.241156e-08, dt = 4.187521e-10, cfl = 8.0000e-01. Computation time: 4.0000e-02 s.
Step 32: t = 1.283031e-08, dt = 4.182919e-10, cfl = 8.0000e-01. Computation time: 4.0000e-02 s.
Step 33: t = 1.324860e-08, dt = 4.179405e-10, cfl = 8.0000e-01. Computation time: 4.0000e-02 s.
Step 34: t = 1.366654e-08, dt = 4.176710e-10, cfl = 8.0000e-01. Computation time: 4.0000e-02 s.
Step 35: t = 1.408421e-08, dt = 4.174494e-10, cfl = 8.0000e-01. Computation time: 4.0000e-02 s.
Step 36: t = 1.450166e-08, dt = 4.186276e-10, cfl = 8.0000e-01. Computation time: 4.0000e-02 s.
Step 37: t = 1.492029e-08, dt = 4.183161e-10, cfl = 8.0000e-01. Computation time: 4.0000e-02 s.
Step 38: t = 1.533860e-08, dt = 4.180603e-10, cfl = 8.0000e-01. Computation time: 4.0000e-02 s.
Step 39: t = 1.575666e-08, dt = 4.178495e-10, cfl = 8.0000e-01. Computation time: 4.0000e-02 s.
- Wrote solution at 1.617451e-08 to solution_0002.vtr.
Step 40: t = 1.617451e-08, dt = 4.176722e-10, cfl = 8.0000e-01. Computation time: 4.0000e-02 s.
Step 41: t = 1.659219e-08, dt = 4.187725e-10, cfl = 8.0000e-01. Computation time: 4.0000e-02 s.
Step 42: t = 1.701096e-08, dt = 4.185679e-10, cfl = 8.0000e-01. Computation time: 5.0000e-02 s.
Step 43: t = 1.742953e-08, dt = 4.183894e-10, cfl = 8.0000e-01. Computation time: 5.0000e-02 s.
Step 44: t = 1.784792e-08, dt = 4.182312e-10, cfl = 8.0000e-01. Computation time: 5.0000e-02 s.
Step 45: t = 1.826615e-08, dt = 4.180908e-10, cfl = 8.0000e-01. Computation time: 5.0000e-02 s.
Step 46: t = 1.868424e-08, dt = 4.190397e-10, cfl = 8.0000e-01. Computation time: 5.0000e-02 s.
Step 47: t = 1.910328e-08, dt = 4.188903e-10, cfl = 8.0000e-01. Computation time: 5.0000e-02 s.
Step 48: t = 1.952217e-08, dt = 4.187603e-10, cfl = 8.0000e-01. Computation time: 5.0000e-02 s.
Step 49: t = 1.994093e-08, dt = 4.186442e-10, cfl = 8.0000e-01. Computation time: 5.0000e-02 s.
Step 50: t = 2.035957e-08, dt = 4.185398e-10, cfl = 8.0000e-01. Computation time: 5.0000e-02 s.
Step 51: t = 2.077811e-08, dt = 4.193303e-10, cfl = 8.0000e-01. Computation time: 5.0000e-02 s.
Step 52: t = 2.119744e-08, dt = 4.192188e-10, cfl = 8.0000e-01. Computation time: 5.0000e-02 s.
Step 53: t = 2.161666e-08, dt = 4.191183e-10, cfl = 8.0000e-01. Computation time: 6.0000e-02 s.
Step 54: t = 2.203578e-08, dt = 4.190277e-10, cfl = 8.0000e-01. Computation time: 6.0000e-02 s.
Step 55: t = 2.245481e-08, dt = 4.189455e-10, cfl = 8.0000e-01. Computation time: 6.0000e-02 s.
Step 56: t = 2.287375e-08, dt = 4.188716e-10, cfl = 8.0000e-01. Computation time: 6.0000e-02 s.
Step 57: t = 2.329262e-08, dt = 4.194578e-10, cfl = 8.0000e-01. Computation time: 6.0000e-02 s.
Step 58: t = 2.371208e-08, dt = 4.193735e-10, cfl = 8.0000e-01. Computation time: 6.0000e-02 s.
- Wrote solution at 2.413146e-08 to solution_0003.vtr.
Step 59: t = 2.413146e-08, dt = 4.192964e-10, cfl = 8.0000e-01. Computation time: 6.0000e-02 s.
Step 60: t = 2.455075e-08, dt = 4.192267e-10, cfl = 8.0000e-01. Computation time: 6.0000e-02 s.
Step 61: t = 2.496998e-08, dt = 4.191642e-10, cfl = 8.0000e-01. Computation time: 6.0000e-02 s.
Step 62: t = 2.538914e-08, dt = 4.196612e-10, cfl = 8.0000e-01. Computation time: 6.0000e-02 s.
Step 63: t = 2.580880e-08, dt = 4.195906e-10, cfl = 8.0000e-01. Computation time: 6.0000e-02 s.
Step 64: t = 2.622840e-08, dt = 4.195259e-10, cfl = 8.0000e-01. Computation time: 7.0000e-02 s.
Step 65: t = 2.664792e-08, dt = 4.194675e-10, cfl = 8.0000e-01. Computation time: 7.0000e-02 s.
Step 66: t = 2.706739e-08, dt = 4.194152e-10, cfl = 8.0000e-01. Computation time: 7.0000e-02 s.
Step 67: t = 2.748680e-08, dt = 4.196757e-10, cfl = 8.0000e-01. Computation time: 7.0000e-02 s.
Step 68: t = 2.790648e-08, dt = 4.196812e-10, cfl = 8.0000e-01. Computation time: 7.0000e-02 s.
Step 69: t = 2.832616e-08, dt = 4.196795e-10, cfl = 8.0000e-01. Computation time: 7.0000e-02 s.
Step 70: t = 2.874584e-08, dt = 4.196727e-10, cfl = 8.0000e-01. Computation time: 7.0000e-02 s.
Step 71: t = 2.916551e-08, dt = 4.196355e-10, cfl = 8.0000e-01. Computation time: 7.0000e-02 s.
Step 72: t = 2.958515e-08, dt = 4.196733e-10, cfl = 8.0000e-01. Computation time: 7.0000e-02 s.
Step 73: t = 3.000482e-08, dt = 4.196780e-10, cfl = 8.0000e-01. Computation time: 7.0000e-02 s.
Step 74: t = 3.042450e-08, dt = 4.196764e-10, cfl = 8.0000e-01. Computation time: 7.0000e-02 s.
Step 75: t = 3.084418e-08, dt = 4.196747e-10, cfl = 8.0000e-01. Computation time: 8.0000e-02 s.
Step 76: t = 3.126385e-08, dt = 4.196769e-10, cfl = 8.0000e-01. Computation time: 8.0000e-02 s.
Step 77: t = 3.168353e-08, dt = 4.196800e-10, cfl = 8.0000e-01. Computation time: 8.0000e-02 s.
- Wrote solution at 3.210321e-08 to solution_0004.vtr.
Step 78: t = 3.210321e-08, dt = 4.196826e-10, cfl = 8.0000e-01. Computation time: 8.0000e-02 s.
Step 79: t = 3.252289e-08, dt = 4.196808e-10, cfl = 8.0000e-01. Computation time: 8.0000e-02 s.
Step 80: t = 3.294257e-08, dt = 4.196828e-10, cfl = 8.0000e-01. Computation time: 8.0000e-02 s.
Step 81: t = 3.336225e-08, dt = 4.196833e-10, cfl = 8.0000e-01. Computation time: 8.0000e-02 s.
Step 82: t = 3.378194e-08, dt = 4.196849e-10, cfl = 8.0000e-01. Computation time: 8.0000e-02 s.
Step 83: t = 3.420162e-08, dt = 4.196876e-10, cfl = 8.0000e-01. Computation time: 8.0000e-02 s.
Step 84: t = 3.462131e-08, dt = 4.196903e-10, cfl = 8.0000e-01. Computation time: 8.0000e-02 s.
Step 85: t = 3.504100e-08, dt = 4.196904e-10, cfl = 8.0000e-01. Computation time: 8.0000e-02 s.
Step 86: t = 3.546069e-08, dt = 4.196916e-10, cfl = 8.0000e-01. Computation time: 9.0000e-02 s.
Step 87: t = 3.588038e-08, dt = 4.196928e-10, cfl = 8.0000e-01. Computation time: 9.0000e-02 s.
Step 88: t = 3.630007e-08, dt = 4.196947e-10, cfl = 8.0000e-01. Computation time: 9.0000e-02 s.
Step 89: t = 3.671977e-08, dt = 4.196972e-10, cfl = 8.0000e-01. Computation time: 9.0000e-02 s.
Step 90: t = 3.713947e-08, dt = 4.196982e-10, cfl = 8.0000e-01. Computation time: 9.0000e-02 s.
Step 91: t = 3.755916e-08, dt = 4.196992e-10, cfl = 8.0000e-01. Computation time: 9.0000e-02 s.
Step 92: t = 3.797886e-08, dt = 4.197009e-10, cfl = 8.0000e-01. Computation time: 9.0000e-02 s.
Step 93: t = 3.839857e-08, dt = 4.197032e-10, cfl = 8.0000e-01. Computation time: 9.0000e-02 s.
Step 94: t = 3.881827e-08, dt = 4.197050e-10, cfl = 8.0000e-01. Computation time: 9.0000e-02 s.
Step 95: t = 3.923797e-08, dt = 4.197060e-10, cfl = 8.0000e-01. Computation time: 9.0000e-02 s.
Step 96: t = 3.965768e-08, dt = 4.197075e-10, cfl = 8.0000e-01. Computation time: 9.0000e-02 s.
- Wrote solution at 4.007739e-08 to solution_0005.vtr.
Step 97: t = 4.007739e-08, dt = 4.197095e-10, cfl = 8.0000e-01. Computation time: 1.0000e-01 s.
Step 98: t = 4.049710e-08, dt = 4.197114e-10, cfl = 8.0000e-01. Computation time: 1.0000e-01 s.
Step 99: t = 4.091681e-08, dt = 4.197129e-10, cfl = 8.0000e-01. Computation time: 1.0000e-01 s.
Step 100: t = 4.133652e-08, dt = 4.197141e-10, cfl = 8.0000e-01. Computation time: 1.0000e-01 s.
Step 101: t = 4.175623e-08, dt = 4.197155e-10, cfl = 8.0000e-01. Computation time: 1.0000e-01 s.
Step 102: t = 4.217595e-08, dt = 4.197171e-10, cfl = 8.0000e-01. Computation time: 1.0000e-01 s.
Step 103: t = 4.259567e-08, dt = 4.197187e-10, cfl = 8.0000e-01. Computation time: 1.0000e-01 s.
Step 104: t = 4.301539e-08, dt = 4.197199e-10, cfl = 8.0000e-01. Computation time: 1.0000e-01 s.
Step 105: t = 4.343511e-08, dt = 4.197212e-10, cfl = 8.0000e-01. Computation time: 1.0000e-01 s.
Step 106: t = 4.385483e-08, dt = 4.197224e-10, cfl = 8.0000e-01. Computation time: 1.0000e-01 s.
Step 107: t = 4.427455e-08, dt = 4.197238e-10, cfl = 8.0000e-01. Computation time: 1.0000e-01 s.
Step 108: t = 4.469427e-08, dt = 4.197251e-10, cfl = 8.0000e-01. Computation time: 1.1000e-01 s.
Step 109: t = 4.511400e-08, dt = 4.197263e-10, cfl = 8.0000e-01. Computation time: 1.1000e-01 s.
Step 110: t = 4.553372e-08, dt = 4.197273e-10, cfl = 8.0000e-01. Computation time: 1.1000e-01 s.
Step 111: t = 4.595345e-08, dt = 4.197284e-10, cfl = 8.0000e-01. Computation time: 1.1000e-01 s.
Step 112: t = 4.637318e-08, dt = 4.197295e-10, cfl = 8.0000e-01. Computation time: 1.1000e-01 s.
Step 113: t = 4.679291e-08, dt = 4.197306e-10, cfl = 8.0000e-01. Computation time: 1.1000e-01 s.
Step 114: t = 4.721264e-08, dt = 4.197316e-10, cfl = 8.0000e-01. Computation time: 1.1000e-01 s.
Step 115: t = 4.763237e-08, dt = 4.197326e-10, cfl = 8.0000e-01. Computation time: 1.1000e-01 s.
- Wrote solution at 4.805210e-08 to solution_0006.vtr.
Step 116: t = 4.805210e-08, dt = 4.197336e-10, cfl = 8.0000e-01. Computation time: 1.1000e-01 s.
Step 117: t = 4.847184e-08, dt = 4.197345e-10, cfl = 8.0000e-01. Computation time: 1.1000e-01 s.
Step 118: t = 4.889157e-08, dt = 4.197355e-10, cfl = 8.0000e-01. Computation time: 1.1000e-01 s.
Step 119: t = 4.931131e-08, dt = 4.197364e-10, cfl = 8.0000e-01. Computation time: 1.2000e-01 s.
Step 120: t = 4.973104e-08, dt = 4.197373e-10, cfl = 8.0000e-01. Computation time: 1.2000e-01 s.
Step 121: t = 5.015078e-08, dt = 4.197382e-10, cfl = 8.0000e-01. Computation time: 1.2000e-01 s.
Step 122: t = 5.057052e-08, dt = 4.197391e-10, cfl = 8.0000e-01. Computation time: 1.2000e-01 s.
Step 123: t = 5.099026e-08, dt = 4.197399e-10, cfl = 8.0000e-01. Computation time: 1.2000e-01 s.
Step 124: t = 5.141000e-08, dt = 4.197407e-10, cfl = 8.0000e-01. Computation time: 1.2000e-01 s.
Step 125: t = 5.182974e-08, dt = 4.197415e-10, cfl = 8.0000e-01. Computation time: 1.2000e-01 s.
Step 126: t = 5.224948e-08, dt = 4.197423e-10, cfl = 8.0000e-01. Computation time: 1.2000e-01 s.
Step 127: t = 5.266922e-08, dt = 4.197431e-10, cfl = 8.0000e-01. Computation time: 1.2000e-01 s.
Step 128: t = 5.308897e-08, dt = 4.197439e-10, cfl = 8.0000e-01. Computation time: 1.2000e-01 s.
Step 129: t = 5.350871e-08, dt = 4.197447e-10, cfl = 8.0000e-01. Computation time: 1.2000e-01 s.
Step 130: t = 5.392846e-08, dt = 4.197454e-10, cfl = 8.0000e-01. Computation time: 1.3000e-01 s.
Step 131: t = 5.434820e-08, dt = 4.197461e-10, cfl = 8.0000e-01. Computation time: 1.3000e-01 s.
Step 132: t = 5.476795e-08, dt = 4.197468e-10, cfl = 8.0000e-01. Computation time: 1.3000e-01 s.
Step 133: t = 5.518769e-08, dt = 4.197472e-10, cfl = 8.0000e-01. Computation time: 1.3000e-01 s.
Step 134: t = 5.560744e-08, dt = 4.197482e-10, cfl = 8.0000e-01. Computation time: 1.3000e-01 s.
- Wrote solution at 5.602719e-08 to solution_0007.vtr.
Step 135: t = 5.602719e-08, dt = 4.197483e-10, cfl = 8.0000e-01. Computation time: 1.3000e-01 s.
Step 136: t = 5.644694e-08, dt = 4.197494e-10, cfl = 8.0000e-01. Computation time: 1.3000e-01 s.
Step 137: t = 5.686669e-08, dt = 4.197491e-10, cfl = 8.0000e-01. Computation time: 1.3000e-01 s.
Step 138: t = 5.728644e-08, dt = 4.197506e-10, cfl = 8.0000e-01. Computation time: 1.3000e-01 s.
Step 139: t = 5.770619e-08, dt = 4.197502e-10, cfl = 8.0000e-01. Computation time: 1.3000e-01 s.
Step 140: t = 5.812594e-08, dt = 4.197517e-10, cfl = 8.0000e-01. Computation time: 1.3000e-01 s.
Step 141: t = 5.854569e-08, dt = 4.197510e-10, cfl = 8.0000e-01. Computation time: 1.4000e-01 s.
Step 142: t = 5.896544e-08, dt = 4.197527e-10, cfl = 8.0000e-01. Computation time: 1.4000e-01 s.
Step 143: t = 5.938519e-08, dt = 4.197520e-10, cfl = 8.0000e-01. Computation time: 1.4000e-01 s.
Step 144: t = 5.980494e-08, dt = 4.197537e-10, cfl = 8.0000e-01. Computation time: 1.4000e-01 s.
Step 145: t = 6.022470e-08, dt = 4.197528e-10, cfl = 8.0000e-01. Computation time: 1.4000e-01 s.
Step 146: t = 6.064445e-08, dt = 4.197545e-10, cfl = 8.0000e-01. Computation time: 1.4000e-01 s.
Step 147: t = 6.106421e-08, dt = 4.197537e-10, cfl = 8.0000e-01. Computation time: 1.4000e-01 s.
Step 148: t = 6.148396e-08, dt = 4.197555e-10, cfl = 8.0000e-01. Computation time: 1.4000e-01 s.
Step 149: t = 6.190371e-08, dt = 4.197544e-10, cfl = 8.0000e-01. Computation time: 1.4000e-01 s.
Step 150: t = 6.232347e-08, dt = 4.197561e-10, cfl = 8.0000e-01. Computation time: 1.4000e-01 s.
Step 151: t = 6.274323e-08, dt = 4.197553e-10, cfl = 8.0000e-01. Computation time: 1.4000e-01 s.
Step 152: t = 6.316298e-08, dt = 4.197570e-10, cfl = 8.0000e-01. Computation time: 1.5000e-01 s.
Step 153: t = 6.358274e-08, dt = 4.197560e-10, cfl = 8.0000e-01. Computation time: 1.5000e-01 s.
- Wrote solution at 6.400249e-08 to solution_0008.vtr.
Step 154: t = 6.400249e-08, dt = 4.197576e-10, cfl = 8.0000e-01. Computation time: 1.5000e-01 s.
Step 155: t = 6.442225e-08, dt = 4.197567e-10, cfl = 8.0000e-01. Computation time: 1.5000e-01 s.
Step 156: t = 6.484201e-08, dt = 4.197584e-10, cfl = 8.0000e-01. Computation time: 1.5000e-01 s.
Step 157: t = 6.526177e-08, dt = 4.197575e-10, cfl = 8.0000e-01. Computation time: 1.5000e-01 s.
Step 158: t = 6.568152e-08, dt = 4.197590e-10, cfl = 8.0000e-01. Computation time: 1.5000e-01 s.
Step 159: t = 6.610128e-08, dt = 4.197581e-10, cfl = 8.0000e-01. Computation time: 1.5000e-01 s.
Step 160: t = 6.652104e-08, dt = 4.197596e-10, cfl = 8.0000e-01. Computation time: 1.5000e-01 s.
Step 161: t = 6.694080e-08, dt = 4.197589e-10, cfl = 8.0000e-01. Computation time: 1.5000e-01 s.
Step 162: t = 6.736056e-08, dt = 4.197601e-10, cfl = 8.0000e-01. Computation time: 1.5000e-01 s.
Step 163: t = 6.778032e-08, dt = 4.197595e-10, cfl = 8.0000e-01. Computation time: 1.6000e-01 s.
Step 164: t = 6.820008e-08, dt = 4.197606e-10, cfl = 8.0000e-01. Computation time: 1.6000e-01 s.
Step 165: t = 6.861984e-08, dt = 4.197603e-10, cfl = 8.0000e-01. Computation time: 1.6000e-01 s.
Step 166: t = 6.903960e-08, dt = 4.197611e-10, cfl = 8.0000e-01. Computation time: 1.6000e-01 s.
Step 167: t = 6.945936e-08, dt = 4.197607e-10, cfl = 8.0000e-01. Computation time: 1.6000e-01 s.
Step 168: t = 6.987912e-08, dt = 4.197615e-10, cfl = 8.0000e-01. Computation time: 1.6000e-01 s.
Step 169: t = 7.029888e-08, dt = 4.197615e-10, cfl = 8.0000e-01. Computation time: 1.6000e-01 s.
Step 170: t = 7.071864e-08, dt = 4.197620e-10, cfl = 8.0000e-01. Computation time: 1.6000e-01 s.
Step 171: t = 7.113841e-08, dt = 4.197619e-10, cfl = 8.0000e-01. Computation time: 1.6000e-01 s.
Step 172: t = 7.155817e-08, dt = 4.197624e-10, cfl = 8.0000e-01. Computation time: 1.6000e-01 s.
Step 173: t = 7.197793e-08, dt = 4.197626e-10, cfl = 8.0000e-01. Computation time: 1.6000e-01 s.
- Wrote solution at 7.239769e-08 to solution_0009.vtr.
Step 174: t = 7.239769e-08, dt = 4.197627e-10, cfl = 8.0000e-01. Computation time: 1.7000e-01 s.
Step 175: t = 7.281746e-08, dt = 4.197629e-10, cfl = 8.0000e-01. Computation time: 1.7000e-01 s.
Step 176: t = 7.323722e-08, dt = 4.197632e-10, cfl = 8.0000e-01. Computation time: 1.7000e-01 s.
Step 177: t = 7.365698e-08, dt = 4.197633e-10, cfl = 8.0000e-01. Computation time: 1.7000e-01 s.
Step 178: t = 7.407675e-08, dt = 4.197635e-10, cfl = 8.0000e-01. Computation time: 1.7000e-01 s.
Step 179: t = 7.449651e-08, dt = 4.197636e-10, cfl = 8.0000e-01. Computation time: 1.7000e-01 s.
Step 180: t = 7.491627e-08, dt = 4.197638e-10, cfl = 8.0000e-01. Computation time: 1.7000e-01 s.
Step 181: t = 7.533604e-08, dt = 4.197640e-10, cfl = 8.0000e-01. Computation time: 1.7000e-01 s.
Step 182: t = 7.575580e-08, dt = 4.197642e-10, cfl = 8.0000e-01. Computation time: 1.7000e-01 s.
Step 183: t = 7.617556e-08, dt = 4.197643e-10, cfl = 8.0000e-01. Computation time: 1.7000e-01 s.
Step 184: t = 7.659533e-08, dt = 4.197644e-10, cfl = 8.0000e-01. Computation time: 1.7000e-01 s.
Step 185: t = 7.701509e-08, dt = 4.197646e-10, cfl = 8.0000e-01. Computation time: 1.8000e-01 s.
Step 186: t = 7.743486e-08, dt = 4.197648e-10, cfl = 8.0000e-01. Computation time: 1.8000e-01 s.
Step 187: t = 7.785462e-08, dt = 4.197649e-10, cfl = 8.0000e-01. Computation time: 1.8000e-01 s.
Step 188: t = 7.827439e-08, dt = 4.197650e-10, cfl = 8.0000e-01. Computation time: 1.8000e-01 s.
Step 189: t = 7.869415e-08, dt = 4.197651e-10, cfl = 8.0000e-01. Computation time: 1.8000e-01 s.
Step 190: t = 7.911392e-08, dt = 4.197653e-10, cfl = 8.0000e-01. Computation time: 1.8000e-01 s.
Step 191: t = 7.953368e-08, dt = 4.197655e-10, cfl = 8.0000e-01. Computation time: 1.8000e-01 s.
Step 192: t = 7.995345e-08, dt = 4.655143e-11, cfl = 8.8719e-02. Computation time: 1.8000e-01 s.
- Wrote solution at 8.000000e-08 to solution_0010.vtr.

[0;32m==========================================[0m
[0;32m   NORMAL TERMINATION (t = 8.000000e-08)  [0m
[0;32m==========================================[0m
Total Computation Time: 0.180000 sec.

