
[0;36m                                      _..._      [0m
[0;36m                      .-''-.       .-'_..._''.   [0m
[0;36m   __  __   ___     .' .-.  )    .' .'      '.\  [0m
[0;36m  |  |/  `.'   `.  / .'  / /    / .'             [0m
[0;36m  |   .-.  .-.   '(_/   / /    . '               [0m
[0;36m  |  |  |  |  |  |     / /     | |               [0m
[0;36m  |  |  |  |  |  |    / /      | |               [0m
[0;36m  |  |  |  |  |  |   . '       . '               [0m
[0;36m  |  |  |  |  |  |  / /    _.-')\ '.          .  [0m
[0;36m  |__|  |__|  |__|.' '  _.'.-''  '. `._____.-'/  [0m
[0;36m                 /  /.-'_.'        `-.______ /   [0m
[0;36m                /    _.'                    `    [0m
[0;36m               ( _.-'                            [0m

Revision: 612a857+ | Branch: main | Tag: 
Computation started at: 2023-10-31.21:43:26 EDT
Using 5 processor cores (including concurrent programs).
Command: /home/kevinw3/tinkercliffs/zoey5/m2c input3d_MR.st

[0;32m==========================================[0m
[0;32m                 START                    [0m
[0;32m==========================================[0m


- Mesh Statistics:
  X-Direction: [0.000000e+00, 5.000000e-01], 50 nodes/cells, dx_min = 1.000000e-02, dx_max = 1.000000e-02.
  Y-Direction: [0.000000e+00, 5.000000e-01], 50 nodes/cells, dy_min = 1.000000e-02, dy_max = 1.000000e-02.
  Z-Direction: [0.000000e+00, 1.500000e+00], 150 nodes/cells, dz_min = 1.000000e-02, dz_max = 1.000000e-02.
  Total number of nodes/cells: 375000.
  o Number of ghost nodes inside computational domain (overlapping between subdomains): 20000
  o Number of ghost nodes outside computational domain: 37640


- Initializing the state variables (V) and material id. (ID).

[0;32m- Testing the Hyperelasticity Solver using a prescribed velocity field (1).[0m

- [Probe] Node 0: Coords = (2.050000e-01, 5.000000e-03, 7.550000e-01).

- [Probe] Node 1: Coords = (1.450000e-01, 1.450000e-01, 7.550000e-01).

- [Probe] Node 2: Coords = (5.000000e-03, 2.050000e-01, 7.550000e-01).

----------------------------
--       Main Loop        --
----------------------------

[0;32m==========================================[0m
[0;32m   NORMAL TERMINATION (t = 0.000000e+00)  [0m
[0;32m==========================================[0m
Total Computation Time: 0.450000 sec.

