
[0;36m                                      _..._      [0m
[0;36m                      .-''-.       .-'_..._''.   [0m
[0;36m   __  __   ___     .' .-.  )    .' .'      '.\  [0m
[0;36m  |  |/  `.'   `.  / .'  / /    / .'             [0m
[0;36m  |   .-.  .-.   '(_/   / /    . '               [0m
[0;36m  |  |  |  |  |  |     / /     | |               [0m
[0;36m  |  |  |  |  |  |    / /      | |               [0m
[0;36m  |  |  |  |  |  |   . '       . '               [0m
[0;36m  |  |  |  |  |  |  / /    _.-')\ '.          .  [0m
[0;36m  |__|  |__|  |__|.' '  _.'.-''  '. `._____.-'/  [0m
[0;36m                 /  /.-'_.'        `-.______ /   [0m
[0;36m                /    _.'                    `    [0m
[0;36m               ( _.-'                            [0m

Revision: fd4619d+ | Branch: main | Tag: 
Computation started at: 2024-02-15.14:41:02 EDT
Using 128 processor cores (including concurrent programs).
Command: /home/kevinw3/tinkercliffs/zoey6/m2c input.st

[0;32m==========================================[0m
[0;32m                 START                    [0m
[0;32m==========================================[0m


- Mesh Statistics:
  X-Direction: [0.000000e+00, 1.000000e+00], 410 nodes/cells, dx_min = 1.005478e-03, dx_max = 4.987684e-03.
  Y-Direction: [0.000000e+00, 1.000000e+00], 410 nodes/cells, dy_min = 1.005478e-03, dy_max = 4.987684e-03.
  Z-Direction: [-5.000000e-03, 5.000000e-03], 1 nodes/cells, dz_min = 1.000000e-02, dz_max = 1.000000e-02.
  Total number of nodes/cells: 168100.
  o Number of ghost nodes inside computational domain (overlapping between subdomains): 28252
  o Number of ghost nodes outside computational domain: 398044


- Initializing the state variables (V) and material id. (ID).

- Initializing terminal visualization.
- Adjusted the resolution for terminal visualization. dx: 1.797693e+308 -> 3.222563e-02.

- [Line Plot] (5.000000e-01, 0.000000e+00, 0.000000e+00) --> (5.000000e-01, 1.000000e+00, 0.000000e+00), 300 points.

- [Line Plot] (0.000000e+00, 5.000000e-01, 0.000000e+00) --> (1.000000e+00, 5.000000e-01, 0.000000e+00), 300 points.
- Setting up a semi-implicit time integrator.
  o Linear solver for velocity: ibcgs, Preconditioner: bjacobi.
  o Linear solver for pressure: ibcgs, Preconditioner: bjacobi.
- Performing a steady-state analysis. Tolerance (rel. residual): 2.000000e-07.


----------------------------
--       Main Loop        --
----------------------------
- Wrote solution at 0.000000e+00 to solution_0000.vtr.

...


Step 8811: t = 1.183195e+04, dt = 1.343442e+00, cfl = 1.0000e+03. Computation time: 1.3905e+03 s.
  o Running the iterative SIMPLEC procedure (E = 5.000000e+00).
    * Solver of the x-momentum equation converged in 1 iterations.
    * Solver of the y-momentum equation converged in 1 iterations.
    * Solver of the pressure correction equation converged in 330 iterations.
  o Converged after 1 iterations. Relative error in velocity (2-norm): 1.239870e-08.
  => Residual: 1.8465e-05 (func 1 norm) |  4.4002e-06 (2 norm)  |  3.1914e-07 (max).
Step 8812: t = 1.183330e+04, dt = 1.343442e+00, cfl = 1.0000e+03. Computation time: 1.3905e+03 s.
  o Running the iterative SIMPLEC procedure (E = 5.000000e+00).
    * Solver of the x-momentum equation converged in 1 iterations.
    * Solver of the y-momentum equation converged in 1 iterations.
    * Solver of the pressure correction equation converged in 363 iterations.
  o Converged after 1 iterations. Relative error in velocity (2-norm): 1.238911e-08.
  => Residual: 1.8451e-05 (func 1 norm) |  4.3968e-06 (2 norm)  |  3.1890e-07 (max).
Step 8813: t = 1.183464e+04, dt = 1.343442e+00, cfl = 1.0000e+03. Computation time: 1.3905e+03 s.
  o Running the iterative SIMPLEC procedure (E = 5.000000e+00).
    * Solver of the x-momentum equation converged in 1 iterations.
    * Solver of the y-momentum equation converged in 1 iterations.
    * Solver of the pressure correction equation converged in 606 iterations.
  o Converged after 1 iterations. Relative error in velocity (2-norm): 6.306057e-08.
  => Residual: 9.7177e-06 (func 1 norm) |  2.4111e-06 (2 norm)  |  1.9214e-07 (max).
- Wrote solution at 1.183598e+04 to solution_0045.vtr.

[0;32m==========================================
 Velocity (Magnitude) at 1.1836e+04 (Step 8813)
[0;32m==========================================[0m
The X-Y plane. z: 0.00e+00, x (horiz.): [5.03e-04, 9.99e-01], y (vert.): [5.03e-04, 9.99e-01].
------------------------------------------------------------------
[0m|[48;5;68m  [48;5;214m  [48;5;208m  [48;5;208m  [48;5;202m  [48;5;202m  [48;5;202m  [48;5;202m  [48;5;166m  [48;5;166m  [48;5;166m  [48;5;166m  [48;5;160m  [48;5;160m  [48;5;160m  [48;5;160m  [48;5;160m  [48;5;160m  [48;5;160m  [48;5;160m  [48;5;160m  [48;5;160m  [48;5;160m  [48;5;160m  [48;5;160m  [48;5;160m  [48;5;160m  [48;5;160m  [48;5;160m  [48;5;160m  [48;5;166m  [48;5;75m  [0m|
[0m|[48;5;54m  [48;5;68m  [48;5;69m  [48;5;69m  [48;5;69m  [48;5;68m  [48;5;68m  [48;5;68m  [48;5;75m  [48;5;75m  [48;5;45m  [48;5;44m  [48;5;50m  [48;5;50m  [48;5;85m  [48;5;85m  [48;5;85m  [48;5;85m  [48;5;85m  [48;5;85m  [48;5;85m  [48;5;85m  [48;5;50m  [48;5;50m  [48;5;50m  [48;5;44m  [48;5;45m  [48;5;45m  [48;5;75m  [48;5;75m  [48;5;75m  [48;5;69m  [0m|
[0m|[48;5;54m  [48;5;61m  [48;5;61m  [48;5;61m  [48;5;61m  [48;5;68m  [48;5;75m  [48;5;75m  [48;5;45m  [48;5;45m  [48;5;44m  [48;5;44m  [48;5;50m  [48;5;50m  [48;5;50m  [48;5;85m  [48;5;85m  [48;5;85m  [48;5;85m  [48;5;85m  [48;5;50m  [48;5;50m  [48;5;50m  [48;5;44m  [48;5;44m  [48;5;45m  [48;5;75m  [48;5;75m  [48;5;69m  [48;5;69m  [48;5;75m  [48;5;68m  [0m|
[0m|[48;5;54m  [48;5;61m  [48;5;54m  [48;5;61m  [48;5;68m  [48;5;75m  [48;5;45m  [48;5;44m  [48;5;44m  [48;5;44m  [48;5;44m  [48;5;44m  [48;5;44m  [48;5;44m  [48;5;50m  [48;5;50m  [48;5;50m  [48;5;50m  [48;5;50m  [48;5;44m  [48;5;44m  [48;5;44m  [48;5;44m  [48;5;44m  [48;5;45m  [48;5;45m  [48;5;75m  [48;5;75m  [48;5;75m  [48;5;69m  [48;5;45m  [48;5;61m  [0m|
[0m|[48;5;54m  [48;5;61m  [48;5;61m  [48;5;61m  [48;5;75m  [48;5;45m  [48;5;44m  [48;5;44m  [48;5;44m  [48;5;44m  [48;5;45m  [48;5;45m  [48;5;45m  [48;5;45m  [48;5;44m  [48;5;44m  [48;5;44m  [48;5;44m  [48;5;45m  [48;5;45m  [48;5;45m  [48;5;45m  [48;5;45m  [48;5;45m  [48;5;75m  [48;5;75m  [48;5;75m  [48;5;75m  [48;5;75m  [48;5;75m  [48;5;44m  [48;5;61m  [0m|
[0m|[48;5;54m  [48;5;54m  [48;5;54m  [48;5;69m  [48;5;45m  [48;5;44m  [48;5;50m  [48;5;44m  [48;5;44m  [48;5;45m  [48;5;45m  [48;5;45m  [48;5;45m  [48;5;45m  [48;5;45m  [48;5;45m  [48;5;45m  [48;5;45m  [48;5;45m  [48;5;45m  [48;5;75m  [48;5;75m  [48;5;75m  [48;5;75m  [48;5;75m  [48;5;75m  [48;5;75m  [48;5;75m  [48;5;75m  [48;5;75m  [48;5;50m  [48;5;61m  [0m|
[0m|[48;5;54m  [48;5;54m  [48;5;61m  [48;5;75m  [48;5;44m  [48;5;50m  [48;5;50m  [48;5;44m  [48;5;45m  [48;5;45m  [48;5;75m  [48;5;75m  [48;5;75m  [48;5;75m  [48;5;75m  [48;5;75m  [48;5;75m  [48;5;75m  [48;5;75m  [48;5;75m  [48;5;75m  [48;5;75m  [48;5;75m  [48;5;75m  [48;5;75m  [48;5;75m  [48;5;75m  [48;5;75m  [48;5;45m  [48;5;45m  [48;5;85m  [48;5;61m  [0m|
[0m|[48;5;54m  [48;5;54m  [48;5;69m  [48;5;45m  [48;5;50m  [48;5;50m  [48;5;44m  [48;5;44m  [48;5;45m  [48;5;75m  [48;5;75m  [48;5;75m  [48;5;75m  [48;5;75m  [48;5;75m  [48;5;75m  [48;5;75m  [48;5;75m  [48;5;75m  [48;5;75m  [48;5;75m  [48;5;75m  [48;5;75m  [48;5;75m  [48;5;75m  [48;5;75m  [48;5;75m  [48;5;75m  [48;5;45m  [48;5;44m  [48;5;84m  [48;5;61m  [0m|
[0m|[48;5;54m  [48;5;61m  [48;5;75m  [48;5;44m  [48;5;50m  [48;5;50m  [48;5;44m  [48;5;45m  [48;5;45m  [48;5;75m  [48;5;75m  [48;5;75m  [48;5;75m  [48;5;75m  [48;5;75m  [48;5;75m  [48;5;69m  [48;5;69m  [48;5;69m  [48;5;69m  [48;5;69m  [48;5;69m  [48;5;69m  [48;5;75m  [48;5;75m  [48;5;75m  [48;5;75m  [48;5;45m  [48;5;44m  [48;5;44m  [48;5;84m  [48;5;61m  [0m|
[0m|[48;5;54m  [48;5;68m  [48;5;45m  [48;5;50m  [48;5;50m  [48;5;44m  [48;5;44m  [48;5;45m  [48;5;75m  [48;5;75m  [48;5;75m  [48;5;75m  [48;5;75m  [48;5;69m  [48;5;69m  [48;5;69m  [48;5;69m  [48;5;69m  [48;5;69m  [48;5;69m  [48;5;69m  [48;5;69m  [48;5;69m  [48;5;75m  [48;5;75m  [48;5;75m  [48;5;75m  [48;5;45m  [48;5;44m  [48;5;50m  [48;5;120m  [48;5;61m  [0m|
[0m|[48;5;54m  [48;5;69m  [48;5;44m  [48;5;50m  [48;5;50m  [48;5;44m  [48;5;45m  [48;5;45m  [48;5;75m  [48;5;75m  [48;5;75m  [48;5;69m  [48;5;69m  [48;5;69m  [48;5;69m  [48;5;68m  [48;5;68m  [48;5;68m  [48;5;68m  [48;5;68m  [48;5;68m  [48;5;69m  [48;5;69m  [48;5;69m  [48;5;75m  [48;5;75m  [48;5;75m  [48;5;45m  [48;5;44m  [48;5;50m  [48;5;120m  [48;5;61m  [0m|
[0m|[48;5;54m  [48;5;75m  [48;5;50m  [48;5;50m  [48;5;50m  [48;5;44m  [48;5;45m  [48;5;75m  [48;5;75m  [48;5;75m  [48;5;75m  [48;5;69m  [48;5;69m  [48;5;68m  [48;5;68m  [48;5;68m  [48;5;68m  [48;5;68m  [48;5;68m  [48;5;68m  [48;5;68m  [48;5;69m  [48;5;69m  [48;5;69m  [48;5;75m  [48;5;75m  [48;5;45m  [48;5;45m  [48;5;44m  [48;5;50m  [48;5;155m  [48;5;61m  [0m|
[0m|[48;5;54m  [48;5;45m  [48;5;50m  [48;5;50m  [48;5;44m  [48;5;44m  [48;5;45m  [48;5;75m  [48;5;75m  [48;5;75m  [48;5;69m  [48;5;69m  [48;5;68m  [48;5;68m  [48;5;68m  [48;5;61m  [48;5;61m  [48;5;61m  [48;5;61m  [48;5;68m  [48;5;68m  [48;5;68m  [48;5;69m  [48;5;69m  [48;5;75m  [48;5;75m  [48;5;45m  [48;5;44m  [48;5;50m  [48;5;85m  [48;5;155m  [48;5;54m  [0m|
[0m|[48;5;54m  [48;5;44m  [48;5;50m  [48;5;50m  [48;5;44m  [48;5;45m  [48;5;45m  [48;5;75m  [48;5;75m  [48;5;75m  [48;5;69m  [48;5;69m  [48;5;68m  [48;5;68m  [48;5;61m  [48;5;61m  [48;5;61m  [48;5;61m  [48;5;61m  [48;5;61m  [48;5;68m  [48;5;68m  [48;5;69m  [48;5;75m  [48;5;75m  [48;5;75m  [48;5;45m  [48;5;44m  [48;5;50m  [48;5;85m  [48;5;155m  [48;5;54m  [0m|
[0m|[48;5;54m  [48;5;44m  [48;5;50m  [48;5;50m  [48;5;44m  [48;5;45m  [48;5;45m  [48;5;75m  [48;5;75m  [48;5;75m  [48;5;69m  [48;5;69m  [48;5;68m  [48;5;68m  [48;5;61m  [48;5;61m  [48;5;54m  [48;5;61m  [48;5;61m  [48;5;61m  [48;5;68m  [48;5;68m  [48;5;69m  [48;5;75m  [48;5;75m  [48;5;75m  [48;5;45m  [48;5;44m  [48;5;50m  [48;5;85m  [48;5;155m  [48;5;54m  [0m|
[0m|[48;5;54m  [48;5;44m  [48;5;85m  [48;5;50m  [48;5;44m  [48;5;45m  [48;5;45m  [48;5;75m  [48;5;75m  [48;5;75m  [48;5;69m  [48;5;68m  [48;5;68m  [48;5;61m  [48;5;61m  [48;5;61m  [48;5;54m  [48;5;61m  [48;5;61m  [48;5;61m  [48;5;68m  [48;5;69m  [48;5;69m  [48;5;75m  [48;5;75m  [48;5;75m  [48;5;45m  [48;5;44m  [48;5;50m  [48;5;85m  [48;5;155m  [48;5;54m  [0m|
[0m|[48;5;54m  [48;5;44m  [48;5;50m  [48;5;50m  [48;5;44m  [48;5;45m  [48;5;75m  [48;5;75m  [48;5;75m  [48;5;75m  [48;5;69m  [48;5;69m  [48;5;68m  [48;5;68m  [48;5;61m  [48;5;61m  [48;5;61m  [48;5;61m  [48;5;61m  [48;5;68m  [48;5;68m  [48;5;69m  [48;5;69m  [48;5;75m  [48;5;75m  [48;5;75m  [48;5;45m  [48;5;44m  [48;5;50m  [48;5;85m  [48;5;155m  [48;5;54m  [0m|
[0m|[48;5;54m  [48;5;44m  [48;5;50m  [48;5;50m  [48;5;44m  [48;5;45m  [48;5;75m  [48;5;75m  [48;5;75m  [48;5;75m  [48;5;69m  [48;5;69m  [48;5;68m  [48;5;68m  [48;5;61m  [48;5;61m  [48;5;61m  [48;5;61m  [48;5;68m  [48;5;68m  [48;5;68m  [48;5;69m  [48;5;75m  [48;5;75m  [48;5;75m  [48;5;75m  [48;5;45m  [48;5;44m  [48;5;50m  [48;5;85m  [48;5;120m  [48;5;54m  [0m|
[0m|[48;5;54m  [48;5;44m  [48;5;50m  [48;5;50m  [48;5;44m  [48;5;45m  [48;5;45m  [48;5;75m  [48;5;75m  [48;5;75m  [48;5;69m  [48;5;69m  [48;5;68m  [48;5;68m  [48;5;68m  [48;5;68m  [48;5;68m  [48;5;68m  [48;5;68m  [48;5;68m  [48;5;69m  [48;5;69m  [48;5;75m  [48;5;75m  [48;5;75m  [48;5;45m  [48;5;45m  [48;5;44m  [48;5;50m  [48;5;84m  [48;5;84m  [48;5;54m  [0m|
[0m|[48;5;54m  [48;5;45m  [48;5;50m  [48;5;50m  [48;5;44m  [48;5;45m  [48;5;45m  [48;5;75m  [48;5;75m  [48;5;75m  [48;5;69m  [48;5;69m  [48;5;69m  [48;5;68m  [48;5;68m  [48;5;68m  [48;5;68m  [48;5;68m  [48;5;68m  [48;5;69m  [48;5;69m  [48;5;69m  [48;5;75m  [48;5;75m  [48;5;75m  [48;5;45m  [48;5;44m  [48;5;44m  [48;5;50m  [48;5;84m  [48;5;44m  [48;5;54m  [0m|
[0m|[48;5;54m  [48;5;75m  [48;5;44m  [48;5;50m  [48;5;44m  [48;5;45m  [48;5;45m  [48;5;75m  [48;5;75m  [48;5;75m  [48;5;75m  [48;5;69m  [48;5;69m  [48;5;69m  [48;5;69m  [48;5;69m  [48;5;69m  [48;5;69m  [48;5;69m  [48;5;69m  [48;5;69m  [48;5;75m  [48;5;75m  [48;5;75m  [48;5;45m  [48;5;45m  [48;5;44m  [48;5;44m  [48;5;85m  [48;5;120m  [48;5;75m  [48;5;54m  [0m|
[0m|[48;5;54m  [48;5;75m  [48;5;44m  [48;5;50m  [48;5;44m  [48;5;44m  [48;5;45m  [48;5;45m  [48;5;75m  [48;5;75m  [48;5;75m  [48;5;75m  [48;5;69m  [48;5;69m  [48;5;69m  [48;5;69m  [48;5;69m  [48;5;69m  [48;5;69m  [48;5;69m  [48;5;75m  [48;5;75m  [48;5;75m  [48;5;75m  [48;5;45m  [48;5;45m  [48;5;44m  [48;5;50m  [48;5;85m  [48;5;85m  [48;5;61m  [48;5;54m  [0m|
[0m|[48;5;54m  [48;5;69m  [48;5;45m  [48;5;50m  [48;5;50m  [48;5;44m  [48;5;45m  [48;5;45m  [48;5;75m  [48;5;75m  [48;5;75m  [48;5;75m  [48;5;75m  [48;5;75m  [48;5;75m  [48;5;75m  [48;5;75m  [48;5;75m  [48;5;75m  [48;5;75m  [48;5;75m  [48;5;75m  [48;5;75m  [48;5;45m  [48;5;45m  [48;5;44m  [48;5;44m  [48;5;50m  [48;5;84m  [48;5;45m  [48;5;54m  [48;5;54m  [0m|
[0m|[48;5;54m  [48;5;61m  [48;5;75m  [48;5;44m  [48;5;50m  [48;5;50m  [48;5;44m  [48;5;45m  [48;5;45m  [48;5;75m  [48;5;75m  [48;5;75m  [48;5;75m  [48;5;75m  [48;5;75m  [48;5;75m  [48;5;75m  [48;5;75m  [48;5;75m  [48;5;75m  [48;5;75m  [48;5;75m  [48;5;45m  [48;5;45m  [48;5;44m  [48;5;44m  [48;5;50m  [48;5;84m  [48;5;85m  [48;5;68m  [48;5;61m  [48;5;54m  [0m|
[0m|[48;5;54m  [48;5;54m  [48;5;69m  [48;5;45m  [48;5;50m  [48;5;50m  [48;5;50m  [48;5;44m  [48;5;45m  [48;5;45m  [48;5;45m  [48;5;75m  [48;5;75m  [48;5;75m  [48;5;75m  [48;5;75m  [48;5;75m  [48;5;75m  [48;5;75m  [48;5;75m  [48;5;75m  [48;5;45m  [48;5;45m  [48;5;44m  [48;5;44m  [48;5;50m  [48;5;85m  [48;5;84m  [48;5;75m  [48;5;54m  [48;5;61m  [48;5;54m  [0m|
[0m|[48;5;54m  [48;5;61m  [48;5;61m  [48;5;75m  [48;5;45m  [48;5;50m  [48;5;50m  [48;5;50m  [48;5;44m  [48;5;44m  [48;5;45m  [48;5;45m  [48;5;45m  [48;5;45m  [48;5;75m  [48;5;75m  [48;5;75m  [48;5;75m  [48;5;75m  [48;5;45m  [48;5;45m  [48;5;45m  [48;5;44m  [48;5;44m  [48;5;50m  [48;5;85m  [48;5;85m  [48;5;44m  [48;5;61m  [48;5;61m  [48;5;61m  [48;5;54m  [0m|
[0m|[48;5;54m  [48;5;61m  [48;5;54m  [48;5;61m  [48;5;75m  [48;5;44m  [48;5;50m  [48;5;50m  [48;5;50m  [48;5;44m  [48;5;44m  [48;5;44m  [48;5;45m  [48;5;45m  [48;5;45m  [48;5;45m  [48;5;45m  [48;5;45m  [48;5;45m  [48;5;45m  [48;5;45m  [48;5;44m  [48;5;44m  [48;5;50m  [48;5;85m  [48;5;85m  [48;5;44m  [48;5;68m  [48;5;61m  [48;5;61m  [48;5;54m  [48;5;54m  [0m|
[0m|[48;5;54m  [48;5;61m  [48;5;61m  [48;5;54m  [48;5;61m  [48;5;75m  [48;5;45m  [48;5;50m  [48;5;50m  [48;5;50m  [48;5;50m  [48;5;44m  [48;5;44m  [48;5;44m  [48;5;44m  [48;5;44m  [48;5;44m  [48;5;44m  [48;5;44m  [48;5;44m  [48;5;44m  [48;5;44m  [48;5;50m  [48;5;85m  [48;5;85m  [48;5;44m  [48;5;69m  [48;5;61m  [48;5;61m  [48;5;54m  [48;5;54m  [48;5;54m  [0m|
[0m|[48;5;54m  [48;5;54m  [48;5;61m  [48;5;54m  [48;5;54m  [48;5;61m  [48;5;69m  [48;5;75m  [48;5;44m  [48;5;50m  [48;5;50m  [48;5;50m  [48;5;50m  [48;5;50m  [48;5;50m  [48;5;50m  [48;5;50m  [48;5;50m  [48;5;50m  [48;5;50m  [48;5;50m  [48;5;50m  [48;5;85m  [48;5;50m  [48;5;45m  [48;5;69m  [48;5;61m  [48;5;61m  [48;5;61m  [48;5;54m  [48;5;54m  [48;5;54m  [0m|
[0m|[48;5;54m  [48;5;54m  [48;5;54m  [48;5;54m  [48;5;54m  [48;5;54m  [48;5;54m  [48;5;61m  [48;5;69m  [48;5;45m  [48;5;44m  [48;5;50m  [48;5;85m  [48;5;85m  [48;5;85m  [48;5;85m  [48;5;85m  [48;5;85m  [48;5;50m  [48;5;50m  [48;5;50m  [48;5;50m  [48;5;44m  [48;5;75m  [48;5;68m  [48;5;54m  [48;5;68m  [48;5;68m  [48;5;54m  [48;5;54m  [48;5;54m  [48;5;54m  [0m|
[0m|[48;5;54m  [48;5;54m  [48;5;54m  [48;5;54m  [48;5;54m  [48;5;54m  [48;5;54m  [48;5;54m  [48;5;54m  [48;5;61m  [48;5;69m  [48;5;75m  [48;5;45m  [48;5;44m  [48;5;50m  [48;5;50m  [48;5;50m  [48;5;50m  [48;5;50m  [48;5;44m  [48;5;45m  [48;5;75m  [48;5;69m  [48;5;61m  [48;5;61m  [48;5;68m  [48;5;68m  [48;5;61m  [48;5;54m  [48;5;54m  [48;5;54m  [48;5;54m  [0m|
[0m|[48;5;54m  [48;5;54m  [48;5;54m  [48;5;54m  [48;5;54m  [48;5;54m  [48;5;54m  [48;5;54m  [48;5;54m  [48;5;54m  [48;5;54m  [48;5;54m  [48;5;54m  [48;5;54m  [48;5;54m  [48;5;54m  [48;5;54m  [48;5;54m  [48;5;54m  [48;5;54m  [48;5;54m  [48;5;54m  [48;5;54m  [48;5;54m  [48;5;54m  [48;5;54m  [48;5;54m  [48;5;54m  [48;5;54m  [48;5;54m  [48;5;54m  [48;5;54m  [0m|
------------------------------------------------------------------
[48;5;54m 7.93e-08 [48;5;61m 4.14e-02 [48;5;68m 8.28e-02 [48;5;69m 1.24e-01 [48;5;75m 1.66e-01 [48;5;75m 2.07e-01 [48;5;45m 2.49e-01 [48;5;44m 2.90e-01 [48;5;50m 3.31e-01 [0m
[48;5;85m 3.73e-01 [48;5;84m 4.14e-01 [48;5;120m 4.56e-01 [48;5;155m 4.97e-01 [48;5;191m 5.38e-01 [48;5;191m 5.80e-01 [48;5;227m 6.21e-01 [48;5;221m 6.63e-01 [48;5;221m 7.04e-01 [0m
[48;5;214m 7.46e-01 [48;5;208m 7.87e-01 [48;5;208m 8.28e-01 [48;5;202m 8.70e-01 [48;5;166m 9.11e-01 [48;5;160m 9.53e-01 [0m


[0;32m==========================================[0m
[0;32m   NORMAL TERMINATION (t = 1.183598e+04)  [0m
[0;32m==========================================[0m
Total Computation Time: 1390.650000 sec.

