
[0;36m                                      _..._      [0m
[0;36m                      .-''-.       .-'_..._''.   [0m
[0;36m   __  __   ___     .' .-.  )    .' .'      '.\  [0m
[0;36m  |  |/  `.'   `.  / .'  / /    / .'             [0m
[0;36m  |   .-.  .-.   '(_/   / /    . '               [0m
[0;36m  |  |  |  |  |  |     / /     | |               [0m
[0;36m  |  |  |  |  |  |    / /      | |               [0m
[0;36m  |  |  |  |  |  |   . '       . '               [0m
[0;36m  |  |  |  |  |  |  / /    _.-')\ '.          .  [0m
[0;36m  |__|  |__|  |__|.' '  _.'.-''  '. `._____.-'/  [0m
[0;36m                 /  /.-'_.'        `-.______ /   [0m
[0;36m                /    _.'                    `    [0m
[0;36m               ( _.-'                            [0m

Revision: fd4619d+ | Branch: main | Tag: 
Computation started at: 2024-02-15.14:58:48 EDT
Using 128 processor cores (including concurrent programs).
Command: /home/kevinw3/tinkercliffs/zoey6/m2c input.st

[0;32m==========================================[0m
[0;32m                 START                    [0m
[0;32m==========================================[0m


- Mesh Statistics:
  X-Direction: [0.000000e+00, 1.000000e+00], 410 nodes/cells, dx_min = 1.005478e-03, dx_max = 4.987684e-03.
  Y-Direction: [0.000000e+00, 1.000000e+00], 410 nodes/cells, dy_min = 1.005478e-03, dy_max = 4.987684e-03.
  Z-Direction: [-5.000000e-03, 5.000000e-03], 1 nodes/cells, dz_min = 1.000000e-02, dz_max = 1.000000e-02.
  Total number of nodes/cells: 168100.
  o Number of ghost nodes inside computational domain (overlapping between subdomains): 28252
  o Number of ghost nodes outside computational domain: 398044


- Initializing the state variables (V) and material id. (ID).

- Initializing terminal visualization.
- Adjusted the resolution for terminal visualization. dx: 1.797693e+308 -> 3.222563e-02.

- [Line Plot] (5.000000e-01, 0.000000e+00, 0.000000e+00) --> (5.000000e-01, 1.000000e+00, 0.000000e+00), 300 points.

- [Line Plot] (0.000000e+00, 5.000000e-01, 0.000000e+00) --> (1.000000e+00, 5.000000e-01, 0.000000e+00), 300 points.
- Setting up a semi-implicit time integrator.
  o Linear solver for velocity: ibcgs, Preconditioner: bjacobi.
  o Linear solver for pressure: ibcgs, Preconditioner: bjacobi.
- Performing a steady-state analysis. Tolerance (rel. residual): 2.000000e-07.


----------------------------
--       Main Loop        --
----------------------------
- Wrote solution at 0.000000e+00 to solution_0000.vtr.


...


Step 9763: t = 1.234856e+04, dt = 1.264547e+00, cfl = 1.0000e+03. Computation time: 1.2034e+03 s.
  o Running the iterative SIMPLEC procedure (E = 5.000000e+00).
    * Solver of the x-momentum equation converged in 1 iterations.
    * Solver of the y-momentum equation converged in 1 iterations.
    * Solver of the pressure correction equation converged in 545 iterations.
  o Converged after 1 iterations. Relative error in velocity (2-norm): 3.870362e-08.
  => Residual: 9.8702e-06 (func 1 norm) |  2.8320e-06 (2 norm)  |  2.8594e-07 (max).
Step 9764: t = 1.234983e+04, dt = 1.264547e+00, cfl = 1.0000e+03. Computation time: 1.2035e+03 s.
  o Running the iterative SIMPLEC procedure (E = 5.000000e+00).
    * Solver of the x-momentum equation converged in 1 iterations.
    * Solver of the y-momentum equation converged in 1 iterations.
    * Solver of the pressure correction equation converged in 540 iterations.
  o Converged after 1 iterations. Relative error in velocity (2-norm): 3.867361e-08.
  => Residual: 1.0662e-05 (func 1 norm) |  2.8262e-06 (2 norm)  |  1.9982e-07 (max).
- Wrote solution at 1.235109e+04 to solution_0049.vtr.

[0;32m==========================================
 Velocity (Magnitude) at 1.2351e+04 (Step 9764)
[0;32m==========================================[0m
The X-Y plane. z: 0.00e+00, x (horiz.): [5.03e-04, 9.99e-01], y (vert.): [5.03e-04, 9.99e-01].
------------------------------------------------------------------
[0m|[48;5;69m  [48;5;202m  [48;5;166m  [48;5;166m  [48;5;166m  [48;5;166m  [48;5;166m  [48;5;160m  [48;5;160m  [48;5;160m  [48;5;160m  [48;5;160m  [48;5;160m  [48;5;160m  [48;5;160m  [48;5;160m  [48;5;160m  [48;5;160m  [48;5;160m  [48;5;160m  [48;5;160m  [48;5;160m  [48;5;160m  [48;5;160m  [48;5;160m  [48;5;160m  [48;5;160m  [48;5;160m  [48;5;160m  [48;5;166m  [48;5;166m  [48;5;69m  [0m|
[0m|[48;5;54m  [48;5;75m  [48;5;69m  [48;5;68m  [48;5;61m  [48;5;68m  [48;5;69m  [48;5;75m  [48;5;45m  [48;5;44m  [48;5;85m  [48;5;84m  [48;5;120m  [48;5;120m  [48;5;155m  [48;5;191m  [48;5;191m  [48;5;191m  [48;5;191m  [48;5;191m  [48;5;191m  [48;5;191m  [48;5;191m  [48;5;191m  [48;5;191m  [48;5;191m  [48;5;191m  [48;5;155m  [48;5;120m  [48;5;85m  [48;5;50m  [48;5;61m  [0m|
[0m|[48;5;54m  [48;5;68m  [48;5;69m  [48;5;69m  [48;5;69m  [48;5;68m  [48;5;69m  [48;5;69m  [48;5;75m  [48;5;75m  [48;5;45m  [48;5;44m  [48;5;50m  [48;5;50m  [48;5;85m  [48;5;85m  [48;5;84m  [48;5;84m  [48;5;84m  [48;5;84m  [48;5;84m  [48;5;84m  [48;5;84m  [48;5;85m  [48;5;85m  [48;5;85m  [48;5;50m  [48;5;44m  [48;5;44m  [48;5;44m  [48;5;155m  [48;5;61m  [0m|
[0m|[48;5;54m  [48;5;61m  [48;5;68m  [48;5;69m  [48;5;69m  [48;5;75m  [48;5;75m  [48;5;75m  [48;5;75m  [48;5;45m  [48;5;44m  [48;5;44m  [48;5;50m  [48;5;50m  [48;5;50m  [48;5;85m  [48;5;85m  [48;5;85m  [48;5;85m  [48;5;85m  [48;5;50m  [48;5;50m  [48;5;50m  [48;5;44m  [48;5;44m  [48;5;45m  [48;5;45m  [48;5;75m  [48;5;75m  [48;5;50m  [48;5;227m  [48;5;61m  [0m|
[0m|[48;5;54m  [48;5;61m  [48;5;68m  [48;5;69m  [48;5;75m  [48;5;75m  [48;5;75m  [48;5;45m  [48;5;45m  [48;5;44m  [48;5;44m  [48;5;44m  [48;5;50m  [48;5;50m  [48;5;50m  [48;5;50m  [48;5;50m  [48;5;50m  [48;5;50m  [48;5;50m  [48;5;50m  [48;5;44m  [48;5;44m  [48;5;45m  [48;5;45m  [48;5;75m  [48;5;75m  [48;5;75m  [48;5;45m  [48;5;84m  [48;5;221m  [48;5;61m  [0m|
[0m|[48;5;54m  [48;5;61m  [48;5;68m  [48;5;75m  [48;5;75m  [48;5;45m  [48;5;45m  [48;5;44m  [48;5;44m  [48;5;44m  [48;5;44m  [48;5;44m  [48;5;44m  [48;5;44m  [48;5;44m  [48;5;44m  [48;5;44m  [48;5;44m  [48;5;44m  [48;5;44m  [48;5;44m  [48;5;45m  [48;5;45m  [48;5;45m  [48;5;75m  [48;5;75m  [48;5;75m  [48;5;75m  [48;5;44m  [48;5;120m  [48;5;221m  [48;5;54m  [0m|
[0m|[48;5;54m  [48;5;61m  [48;5;69m  [48;5;75m  [48;5;45m  [48;5;44m  [48;5;44m  [48;5;44m  [48;5;44m  [48;5;44m  [48;5;44m  [48;5;44m  [48;5;44m  [48;5;44m  [48;5;44m  [48;5;45m  [48;5;45m  [48;5;45m  [48;5;45m  [48;5;45m  [48;5;45m  [48;5;45m  [48;5;75m  [48;5;75m  [48;5;75m  [48;5;75m  [48;5;75m  [48;5;45m  [48;5;50m  [48;5;155m  [48;5;227m  [48;5;54m  [0m|
[0m|[48;5;54m  [48;5;61m  [48;5;69m  [48;5;75m  [48;5;44m  [48;5;44m  [48;5;50m  [48;5;50m  [48;5;44m  [48;5;44m  [48;5;44m  [48;5;44m  [48;5;45m  [48;5;45m  [48;5;45m  [48;5;45m  [48;5;75m  [48;5;75m  [48;5;75m  [48;5;75m  [48;5;75m  [48;5;75m  [48;5;75m  [48;5;75m  [48;5;75m  [48;5;75m  [48;5;75m  [48;5;45m  [48;5;85m  [48;5;191m  [48;5;191m  [48;5;54m  [0m|
[0m|[48;5;54m  [48;5;68m  [48;5;75m  [48;5;45m  [48;5;44m  [48;5;50m  [48;5;50m  [48;5;50m  [48;5;50m  [48;5;44m  [48;5;45m  [48;5;45m  [48;5;45m  [48;5;75m  [48;5;75m  [48;5;75m  [48;5;75m  [48;5;75m  [48;5;75m  [48;5;75m  [48;5;75m  [48;5;75m  [48;5;75m  [48;5;75m  [48;5;75m  [48;5;75m  [48;5;45m  [48;5;44m  [48;5;85m  [48;5;191m  [48;5;191m  [48;5;54m  [0m|
[0m|[48;5;54m  [48;5;68m  [48;5;75m  [48;5;44m  [48;5;50m  [48;5;50m  [48;5;50m  [48;5;50m  [48;5;44m  [48;5;44m  [48;5;45m  [48;5;45m  [48;5;75m  [48;5;75m  [48;5;75m  [48;5;75m  [48;5;75m  [48;5;69m  [48;5;69m  [48;5;69m  [48;5;75m  [48;5;75m  [48;5;75m  [48;5;75m  [48;5;75m  [48;5;45m  [48;5;45m  [48;5;50m  [48;5;84m  [48;5;191m  [48;5;191m  [48;5;54m  [0m|
[0m|[48;5;54m  [48;5;69m  [48;5;75m  [48;5;44m  [48;5;50m  [48;5;50m  [48;5;50m  [48;5;50m  [48;5;44m  [48;5;44m  [48;5;45m  [48;5;75m  [48;5;75m  [48;5;75m  [48;5;69m  [48;5;69m  [48;5;69m  [48;5;69m  [48;5;69m  [48;5;69m  [48;5;69m  [48;5;69m  [48;5;75m  [48;5;75m  [48;5;75m  [48;5;45m  [48;5;44m  [48;5;50m  [48;5;120m  [48;5;191m  [48;5;155m  [48;5;54m  [0m|
[0m|[48;5;54m  [48;5;69m  [48;5;45m  [48;5;44m  [48;5;50m  [48;5;85m  [48;5;50m  [48;5;50m  [48;5;44m  [48;5;45m  [48;5;45m  [48;5;75m  [48;5;75m  [48;5;69m  [48;5;69m  [48;5;68m  [48;5;68m  [48;5;68m  [48;5;68m  [48;5;68m  [48;5;69m  [48;5;69m  [48;5;75m  [48;5;75m  [48;5;45m  [48;5;45m  [48;5;44m  [48;5;85m  [48;5;120m  [48;5;191m  [48;5;120m  [48;5;54m  [0m|
[0m|[48;5;54m  [48;5;75m  [48;5;45m  [48;5;50m  [48;5;50m  [48;5;85m  [48;5;50m  [48;5;50m  [48;5;44m  [48;5;45m  [48;5;75m  [48;5;75m  [48;5;75m  [48;5;69m  [48;5;68m  [48;5;68m  [48;5;61m  [48;5;61m  [48;5;61m  [48;5;68m  [48;5;69m  [48;5;69m  [48;5;75m  [48;5;75m  [48;5;45m  [48;5;44m  [48;5;50m  [48;5;85m  [48;5;155m  [48;5;191m  [48;5;84m  [48;5;54m  [0m|
[0m|[48;5;54m  [48;5;75m  [48;5;45m  [48;5;50m  [48;5;50m  [48;5;85m  [48;5;50m  [48;5;50m  [48;5;44m  [48;5;45m  [48;5;75m  [48;5;75m  [48;5;69m  [48;5;69m  [48;5;68m  [48;5;61m  [48;5;61m  [48;5;61m  [48;5;61m  [48;5;68m  [48;5;69m  [48;5;69m  [48;5;75m  [48;5;75m  [48;5;45m  [48;5;44m  [48;5;50m  [48;5;84m  [48;5;155m  [48;5;191m  [48;5;85m  [48;5;54m  [0m|
[0m|[48;5;54m  [48;5;75m  [48;5;44m  [48;5;50m  [48;5;50m  [48;5;85m  [48;5;50m  [48;5;50m  [48;5;44m  [48;5;45m  [48;5;75m  [48;5;75m  [48;5;69m  [48;5;69m  [48;5;68m  [48;5;61m  [48;5;54m  [48;5;61m  [48;5;61m  [48;5;68m  [48;5;69m  [48;5;75m  [48;5;75m  [48;5;75m  [48;5;45m  [48;5;44m  [48;5;50m  [48;5;84m  [48;5;155m  [48;5;155m  [48;5;50m  [48;5;54m  [0m|
[0m|[48;5;54m  [48;5;75m  [48;5;44m  [48;5;50m  [48;5;50m  [48;5;85m  [48;5;50m  [48;5;50m  [48;5;44m  [48;5;45m  [48;5;75m  [48;5;75m  [48;5;69m  [48;5;69m  [48;5;68m  [48;5;61m  [48;5;61m  [48;5;61m  [48;5;68m  [48;5;68m  [48;5;69m  [48;5;75m  [48;5;75m  [48;5;45m  [48;5;44m  [48;5;50m  [48;5;85m  [48;5;120m  [48;5;155m  [48;5;120m  [48;5;45m  [48;5;54m  [0m|
[0m|[48;5;54m  [48;5;75m  [48;5;45m  [48;5;44m  [48;5;50m  [48;5;50m  [48;5;50m  [48;5;50m  [48;5;44m  [48;5;45m  [48;5;75m  [48;5;75m  [48;5;75m  [48;5;69m  [48;5;68m  [48;5;68m  [48;5;68m  [48;5;68m  [48;5;68m  [48;5;69m  [48;5;75m  [48;5;75m  [48;5;75m  [48;5;45m  [48;5;44m  [48;5;50m  [48;5;85m  [48;5;120m  [48;5;155m  [48;5;84m  [48;5;75m  [48;5;54m  [0m|
[0m|[48;5;54m  [48;5;75m  [48;5;45m  [48;5;44m  [48;5;50m  [48;5;50m  [48;5;50m  [48;5;50m  [48;5;44m  [48;5;45m  [48;5;75m  [48;5;75m  [48;5;75m  [48;5;69m  [48;5;69m  [48;5;69m  [48;5;69m  [48;5;69m  [48;5;69m  [48;5;75m  [48;5;75m  [48;5;75m  [48;5;45m  [48;5;45m  [48;5;44m  [48;5;50m  [48;5;84m  [48;5;120m  [48;5;155m  [48;5;85m  [48;5;75m  [48;5;54m  [0m|
[0m|[48;5;54m  [48;5;75m  [48;5;45m  [48;5;44m  [48;5;50m  [48;5;50m  [48;5;50m  [48;5;50m  [48;5;44m  [48;5;45m  [48;5;45m  [48;5;75m  [48;5;75m  [48;5;75m  [48;5;75m  [48;5;69m  [48;5;69m  [48;5;69m  [48;5;75m  [48;5;75m  [48;5;75m  [48;5;75m  [48;5;45m  [48;5;44m  [48;5;50m  [48;5;85m  [48;5;84m  [48;5;120m  [48;5;120m  [48;5;44m  [48;5;69m  [48;5;54m  [0m|
[0m|[48;5;54m  [48;5;69m  [48;5;75m  [48;5;45m  [48;5;44m  [48;5;50m  [48;5;50m  [48;5;50m  [48;5;44m  [48;5;44m  [48;5;45m  [48;5;75m  [48;5;75m  [48;5;75m  [48;5;75m  [48;5;75m  [48;5;75m  [48;5;75m  [48;5;75m  [48;5;75m  [48;5;75m  [48;5;45m  [48;5;45m  [48;5;44m  [48;5;50m  [48;5;85m  [48;5;120m  [48;5;120m  [48;5;85m  [48;5;75m  [48;5;68m  [48;5;54m  [0m|
[0m|[48;5;54m  [48;5;69m  [48;5;75m  [48;5;45m  [48;5;44m  [48;5;50m  [48;5;50m  [48;5;50m  [48;5;50m  [48;5;44m  [48;5;45m  [48;5;45m  [48;5;75m  [48;5;75m  [48;5;75m  [48;5;75m  [48;5;75m  [48;5;75m  [48;5;75m  [48;5;75m  [48;5;45m  [48;5;45m  [48;5;44m  [48;5;50m  [48;5;85m  [48;5;84m  [48;5;120m  [48;5;84m  [48;5;44m  [48;5;75m  [48;5;61m  [48;5;54m  [0m|
[0m|[48;5;54m  [48;5;68m  [48;5;75m  [48;5;75m  [48;5;45m  [48;5;44m  [48;5;50m  [48;5;50m  [48;5;50m  [48;5;44m  [48;5;44m  [48;5;45m  [48;5;45m  [48;5;45m  [48;5;75m  [48;5;75m  [48;5;75m  [48;5;75m  [48;5;45m  [48;5;45m  [48;5;45m  [48;5;44m  [48;5;50m  [48;5;85m  [48;5;84m  [48;5;84m  [48;5;84m  [48;5;85m  [48;5;45m  [48;5;69m  [48;5;54m  [48;5;54m  [0m|
[0m|[48;5;54m  [48;5;68m  [48;5;69m  [48;5;75m  [48;5;75m  [48;5;44m  [48;5;44m  [48;5;50m  [48;5;50m  [48;5;50m  [48;5;50m  [48;5;44m  [48;5;44m  [48;5;45m  [48;5;45m  [48;5;45m  [48;5;45m  [48;5;45m  [48;5;45m  [48;5;44m  [48;5;44m  [48;5;50m  [48;5;85m  [48;5;85m  [48;5;84m  [48;5;84m  [48;5;85m  [48;5;44m  [48;5;75m  [48;5;61m  [48;5;54m  [48;5;54m  [0m|
[0m|[48;5;54m  [48;5;61m  [48;5;68m  [48;5;69m  [48;5;75m  [48;5;45m  [48;5;44m  [48;5;50m  [48;5;50m  [48;5;50m  [48;5;50m  [48;5;50m  [48;5;50m  [48;5;44m  [48;5;44m  [48;5;44m  [48;5;44m  [48;5;44m  [48;5;44m  [48;5;50m  [48;5;50m  [48;5;85m  [48;5;85m  [48;5;84m  [48;5;84m  [48;5;85m  [48;5;44m  [48;5;75m  [48;5;68m  [48;5;61m  [48;5;54m  [48;5;54m  [0m|
[0m|[48;5;54m  [48;5;61m  [48;5;68m  [48;5;69m  [48;5;75m  [48;5;75m  [48;5;45m  [48;5;44m  [48;5;50m  [48;5;50m  [48;5;50m  [48;5;50m  [48;5;50m  [48;5;50m  [48;5;50m  [48;5;50m  [48;5;50m  [48;5;50m  [48;5;50m  [48;5;85m  [48;5;85m  [48;5;85m  [48;5;84m  [48;5;85m  [48;5;85m  [48;5;44m  [48;5;75m  [48;5;69m  [48;5;61m  [48;5;54m  [48;5;54m  [48;5;54m  [0m|
[0m|[48;5;54m  [48;5;54m  [48;5;61m  [48;5;68m  [48;5;69m  [48;5;75m  [48;5;75m  [48;5;45m  [48;5;44m  [48;5;50m  [48;5;50m  [48;5;50m  [48;5;50m  [48;5;85m  [48;5;85m  [48;5;85m  [48;5;85m  [48;5;85m  [48;5;85m  [48;5;85m  [48;5;85m  [48;5;85m  [48;5;85m  [48;5;50m  [48;5;44m  [48;5;75m  [48;5;69m  [48;5;68m  [48;5;61m  [48;5;54m  [48;5;54m  [48;5;54m  [0m|
[0m|[48;5;54m  [48;5;54m  [48;5;61m  [48;5;61m  [48;5;68m  [48;5;69m  [48;5;75m  [48;5;75m  [48;5;45m  [48;5;44m  [48;5;44m  [48;5;50m  [48;5;50m  [48;5;50m  [48;5;85m  [48;5;85m  [48;5;85m  [48;5;85m  [48;5;85m  [48;5;85m  [48;5;85m  [48;5;50m  [48;5;44m  [48;5;45m  [48;5;75m  [48;5;69m  [48;5;68m  [48;5;61m  [48;5;54m  [48;5;54m  [48;5;54m  [48;5;54m  [0m|
[0m|[48;5;54m  [48;5;54m  [48;5;54m  [48;5;61m  [48;5;61m  [48;5;68m  [48;5;69m  [48;5;75m  [48;5;75m  [48;5;75m  [48;5;45m  [48;5;44m  [48;5;44m  [48;5;50m  [48;5;50m  [48;5;50m  [48;5;50m  [48;5;50m  [48;5;50m  [48;5;50m  [48;5;44m  [48;5;45m  [48;5;75m  [48;5;75m  [48;5;69m  [48;5;68m  [48;5;61m  [48;5;54m  [48;5;54m  [48;5;54m  [48;5;54m  [48;5;54m  [0m|
[0m|[48;5;54m  [48;5;54m  [48;5;54m  [48;5;54m  [48;5;61m  [48;5;61m  [48;5;68m  [48;5;68m  [48;5;69m  [48;5;75m  [48;5;75m  [48;5;75m  [48;5;45m  [48;5;45m  [48;5;45m  [48;5;44m  [48;5;44m  [48;5;45m  [48;5;45m  [48;5;45m  [48;5;75m  [48;5;75m  [48;5;69m  [48;5;68m  [48;5;61m  [48;5;61m  [48;5;54m  [48;5;54m  [48;5;54m  [48;5;54m  [48;5;54m  [48;5;54m  [0m|
[0m|[48;5;54m  [48;5;54m  [48;5;54m  [48;5;54m  [48;5;54m  [48;5;54m  [48;5;61m  [48;5;61m  [48;5;68m  [48;5;68m  [48;5;69m  [48;5;69m  [48;5;75m  [48;5;75m  [48;5;75m  [48;5;75m  [48;5;75m  [48;5;75m  [48;5;75m  [48;5;75m  [48;5;69m  [48;5;68m  [48;5;68m  [48;5;61m  [48;5;54m  [48;5;54m  [48;5;54m  [48;5;61m  [48;5;54m  [48;5;54m  [48;5;54m  [48;5;54m  [0m|
[0m|[48;5;54m  [48;5;54m  [48;5;54m  [48;5;54m  [48;5;54m  [48;5;54m  [48;5;54m  [48;5;54m  [48;5;61m  [48;5;61m  [48;5;61m  [48;5;68m  [48;5;68m  [48;5;68m  [48;5;69m  [48;5;69m  [48;5;69m  [48;5;69m  [48;5;68m  [48;5;68m  [48;5;61m  [48;5;61m  [48;5;54m  [48;5;54m  [48;5;54m  [48;5;61m  [48;5;61m  [48;5;54m  [48;5;54m  [48;5;54m  [48;5;54m  [48;5;54m  [0m|
[0m|[48;5;54m  [48;5;54m  [48;5;54m  [48;5;54m  [48;5;54m  [48;5;54m  [48;5;54m  [48;5;54m  [48;5;54m  [48;5;54m  [48;5;54m  [48;5;54m  [48;5;54m  [48;5;54m  [48;5;54m  [48;5;54m  [48;5;54m  [48;5;54m  [48;5;54m  [48;5;54m  [48;5;54m  [48;5;54m  [48;5;54m  [48;5;54m  [48;5;54m  [48;5;54m  [48;5;54m  [48;5;54m  [48;5;54m  [48;5;54m  [48;5;54m  [48;5;54m  [0m|
------------------------------------------------------------------
[48;5;54m 1.98e-08 [48;5;61m 4.29e-02 [48;5;68m 8.57e-02 [48;5;69m 1.29e-01 [48;5;75m 1.71e-01 [48;5;75m 2.14e-01 [48;5;45m 2.57e-01 [48;5;44m 3.00e-01 [48;5;50m 3.43e-01 [0m
[48;5;85m 3.86e-01 [48;5;84m 4.29e-01 [48;5;120m 4.71e-01 [48;5;155m 5.14e-01 [48;5;191m 5.57e-01 [48;5;191m 6.00e-01 [48;5;227m 6.43e-01 [48;5;221m 6.86e-01 [48;5;221m 7.29e-01 [0m
[48;5;214m 7.71e-01 [48;5;208m 8.14e-01 [48;5;208m 8.57e-01 [48;5;202m 9.00e-01 [48;5;166m 9.43e-01 [48;5;160m 9.86e-01 [0m


[0;32m==========================================[0m
[0;32m   NORMAL TERMINATION (t = 1.235109e+04)  [0m
[0;32m==========================================[0m
Total Computation Time: 1203.570000 sec.

