
[0;36m                                      _..._      [0m
[0;36m                      .-''-.       .-'_..._''.   [0m
[0;36m   __  __   ___     .' .-.  )    .' .'      '.\  [0m
[0;36m  |  |/  `.'   `.  / .'  / /    / .'             [0m
[0;36m  |   .-.  .-.   '(_/   / /    . '               [0m
[0;36m  |  |  |  |  |  |     / /     | |               [0m
[0;36m  |  |  |  |  |  |    / /      | |               [0m
[0;36m  |  |  |  |  |  |   . '       . '               [0m
[0;36m  |  |  |  |  |  |  / /    _.-')\ '.          .  [0m
[0;36m  |__|  |__|  |__|.' '  _.'.-''  '. `._____.-'/  [0m
[0;36m                 /  /.-'_.'        `-.______ /   [0m
[0;36m                /    _.'                    `    [0m
[0;36m               ( _.-'                            [0m

Revision: fd4619d+ | Branch: main | Tag: 
Computation started at: 2024-02-15.14:52:30 EDT
Using 128 processor cores (including concurrent programs).
Command: /home/kevinw3/tinkercliffs/zoey6/m2c input.st

[0;32m==========================================[0m
[0;32m                 START                    [0m
[0;32m==========================================[0m


- Mesh Statistics:
  X-Direction: [0.000000e+00, 1.000000e+00], 410 nodes/cells, dx_min = 1.005478e-03, dx_max = 4.987684e-03.
  Y-Direction: [0.000000e+00, 1.000000e+00], 410 nodes/cells, dy_min = 1.005478e-03, dy_max = 4.987684e-03.
  Z-Direction: [-5.000000e-03, 5.000000e-03], 1 nodes/cells, dz_min = 1.000000e-02, dz_max = 1.000000e-02.
  Total number of nodes/cells: 168100.
  o Number of ghost nodes inside computational domain (overlapping between subdomains): 28252
  o Number of ghost nodes outside computational domain: 398044


- Initializing the state variables (V) and material id. (ID).

- Initializing terminal visualization.
- Adjusted the resolution for terminal visualization. dx: 1.797693e+308 -> 3.222563e-02.

- [Line Plot] (5.000000e-01, 0.000000e+00, 0.000000e+00) --> (5.000000e-01, 1.000000e+00, 0.000000e+00), 300 points.

- [Line Plot] (0.000000e+00, 5.000000e-01, 0.000000e+00) --> (1.000000e+00, 5.000000e-01, 0.000000e+00), 300 points.
- Setting up a semi-implicit time integrator.
  o Linear solver for velocity: ibcgs, Preconditioner: bjacobi.
  o Linear solver for pressure: ibcgs, Preconditioner: bjacobi.
- Performing a steady-state analysis. Tolerance (rel. residual): 2.000000e-07.


----------------------------
--       Main Loop        --
----------------------------
- Wrote solution at 0.000000e+00 to solution_0000.vtr.

...


Step 8038: t = 1.061460e+04, dt = 1.320552e+00, cfl = 1.0000e+03. Computation time: 1.0727e+03 s.
  o Running the iterative SIMPLEC procedure (E = 5.000000e+00).
    * Solver of the x-momentum equation converged in 1 iterations.
    * Solver of the y-momentum equation converged in 1 iterations.
    * Solver of the pressure correction equation converged in 532 iterations.
  o Converged after 1 iterations. Relative error in velocity (2-norm): 5.262477e-08.
  => Residual: 1.1951e-05 (func 1 norm) |  2.9135e-06 (2 norm)  |  2.0053e-07 (max).
Step 8039: t = 1.061592e+04, dt = 1.320552e+00, cfl = 1.0000e+03. Computation time: 1.0728e+03 s.
  o Running the iterative SIMPLEC procedure (E = 5.000000e+00).
    * Solver of the x-momentum equation converged in 1 iterations.
    * Solver of the y-momentum equation converged in 1 iterations.
    * Solver of the pressure correction equation converged in 601 iterations.
  o Converged after 1 iterations. Relative error in velocity (2-norm): 5.264692e-08.
  => Residual: 1.2038e-05 (func 1 norm) |  3.1461e-06 (2 norm)  |  2.6627e-07 (max).
Step 8040: t = 1.061724e+04, dt = 1.320552e+00, cfl = 1.0000e+03. Computation time: 1.0728e+03 s.
  o Running the iterative SIMPLEC procedure (E = 5.000000e+00).
    * Solver of the x-momentum equation converged in 1 iterations.
    * Solver of the y-momentum equation converged in 1 iterations.
    * Solver of the pressure correction equation converged in 605 iterations.
  o Converged after 1 iterations. Relative error in velocity (2-norm): 5.242807e-08.
  => Residual: 1.1950e-05 (func 1 norm) |  2.9103e-06 (2 norm)  |  1.9989e-07 (max).
- Wrote solution at 1.061856e+04 to solution_0041.vtr.

[0;32m==========================================
 Velocity (Magnitude) at 1.0619e+04 (Step 8040)
[0;32m==========================================[0m
The X-Y plane. z: 0.00e+00, x (horiz.): [5.03e-04, 9.99e-01], y (vert.): [5.03e-04, 9.99e-01].
------------------------------------------------------------------
[0m|[48;5;68m  [48;5;208m  [48;5;202m  [48;5;202m  [48;5;202m  [48;5;166m  [48;5;166m  [48;5;166m  [48;5;166m  [48;5;166m  [48;5;166m  [48;5;160m  [48;5;160m  [48;5;160m  [48;5;160m  [48;5;160m  [48;5;160m  [48;5;160m  [48;5;160m  [48;5;160m  [48;5;160m  [48;5;160m  [48;5;160m  [48;5;160m  [48;5;160m  [48;5;160m  [48;5;160m  [48;5;160m  [48;5;160m  [48;5;160m  [48;5;166m  [48;5;75m  [0m|
[0m|[48;5;54m  [48;5;68m  [48;5;69m  [48;5;69m  [48;5;69m  [48;5;68m  [48;5;61m  [48;5;68m  [48;5;75m  [48;5;75m  [48;5;44m  [48;5;44m  [48;5;50m  [48;5;85m  [48;5;85m  [48;5;84m  [48;5;84m  [48;5;84m  [48;5;84m  [48;5;84m  [48;5;84m  [48;5;84m  [48;5;84m  [48;5;85m  [48;5;85m  [48;5;85m  [48;5;50m  [48;5;50m  [48;5;44m  [48;5;45m  [48;5;45m  [48;5;68m  [0m|
[0m|[48;5;54m  [48;5;61m  [48;5;61m  [48;5;61m  [48;5;68m  [48;5;68m  [48;5;75m  [48;5;75m  [48;5;45m  [48;5;44m  [48;5;44m  [48;5;50m  [48;5;85m  [48;5;85m  [48;5;85m  [48;5;85m  [48;5;85m  [48;5;85m  [48;5;85m  [48;5;85m  [48;5;85m  [48;5;85m  [48;5;50m  [48;5;50m  [48;5;44m  [48;5;45m  [48;5;45m  [48;5;75m  [48;5;75m  [48;5;75m  [48;5;50m  [48;5;68m  [0m|
[0m|[48;5;54m  [48;5;61m  [48;5;54m  [48;5;61m  [48;5;68m  [48;5;75m  [48;5;45m  [48;5;45m  [48;5;44m  [48;5;44m  [48;5;50m  [48;5;50m  [48;5;50m  [48;5;50m  [48;5;50m  [48;5;85m  [48;5;85m  [48;5;85m  [48;5;50m  [48;5;50m  [48;5;50m  [48;5;50m  [48;5;50m  [48;5;44m  [48;5;44m  [48;5;45m  [48;5;75m  [48;5;75m  [48;5;75m  [48;5;75m  [48;5;85m  [48;5;61m  [0m|
[0m|[48;5;54m  [48;5;54m  [48;5;54m  [48;5;68m  [48;5;75m  [48;5;45m  [48;5;44m  [48;5;44m  [48;5;44m  [48;5;44m  [48;5;44m  [48;5;44m  [48;5;44m  [48;5;44m  [48;5;44m  [48;5;44m  [48;5;44m  [48;5;44m  [48;5;44m  [48;5;44m  [48;5;44m  [48;5;44m  [48;5;44m  [48;5;45m  [48;5;45m  [48;5;75m  [48;5;75m  [48;5;75m  [48;5;75m  [48;5;75m  [48;5;84m  [48;5;61m  [0m|
[0m|[48;5;54m  [48;5;54m  [48;5;61m  [48;5;69m  [48;5;45m  [48;5;44m  [48;5;50m  [48;5;50m  [48;5;44m  [48;5;44m  [48;5;44m  [48;5;44m  [48;5;44m  [48;5;44m  [48;5;44m  [48;5;44m  [48;5;44m  [48;5;45m  [48;5;45m  [48;5;45m  [48;5;45m  [48;5;45m  [48;5;45m  [48;5;45m  [48;5;75m  [48;5;75m  [48;5;75m  [48;5;75m  [48;5;75m  [48;5;45m  [48;5;120m  [48;5;61m  [0m|
[0m|[48;5;54m  [48;5;54m  [48;5;68m  [48;5;75m  [48;5;44m  [48;5;50m  [48;5;50m  [48;5;50m  [48;5;44m  [48;5;44m  [48;5;45m  [48;5;45m  [48;5;45m  [48;5;45m  [48;5;45m  [48;5;45m  [48;5;45m  [48;5;45m  [48;5;75m  [48;5;75m  [48;5;75m  [48;5;75m  [48;5;75m  [48;5;75m  [48;5;75m  [48;5;75m  [48;5;75m  [48;5;45m  [48;5;45m  [48;5;44m  [48;5;155m  [48;5;61m  [0m|
[0m|[48;5;54m  [48;5;54m  [48;5;69m  [48;5;45m  [48;5;50m  [48;5;50m  [48;5;50m  [48;5;44m  [48;5;44m  [48;5;45m  [48;5;45m  [48;5;45m  [48;5;75m  [48;5;75m  [48;5;75m  [48;5;75m  [48;5;75m  [48;5;75m  [48;5;75m  [48;5;75m  [48;5;75m  [48;5;75m  [48;5;75m  [48;5;75m  [48;5;75m  [48;5;75m  [48;5;75m  [48;5;45m  [48;5;44m  [48;5;50m  [48;5;191m  [48;5;61m  [0m|
[0m|[48;5;54m  [48;5;61m  [48;5;75m  [48;5;44m  [48;5;85m  [48;5;50m  [48;5;50m  [48;5;44m  [48;5;45m  [48;5;45m  [48;5;75m  [48;5;75m  [48;5;75m  [48;5;75m  [48;5;75m  [48;5;75m  [48;5;75m  [48;5;75m  [48;5;75m  [48;5;75m  [48;5;75m  [48;5;75m  [48;5;75m  [48;5;75m  [48;5;75m  [48;5;75m  [48;5;45m  [48;5;45m  [48;5;44m  [48;5;50m  [48;5;191m  [48;5;61m  [0m|
[0m|[48;5;54m  [48;5;68m  [48;5;45m  [48;5;50m  [48;5;85m  [48;5;50m  [48;5;50m  [48;5;44m  [48;5;45m  [48;5;45m  [48;5;75m  [48;5;75m  [48;5;75m  [48;5;75m  [48;5;75m  [48;5;69m  [48;5;69m  [48;5;69m  [48;5;69m  [48;5;69m  [48;5;69m  [48;5;69m  [48;5;75m  [48;5;75m  [48;5;75m  [48;5;75m  [48;5;45m  [48;5;44m  [48;5;50m  [48;5;85m  [48;5;191m  [48;5;61m  [0m|
[0m|[48;5;54m  [48;5;69m  [48;5;44m  [48;5;85m  [48;5;85m  [48;5;50m  [48;5;44m  [48;5;44m  [48;5;45m  [48;5;75m  [48;5;75m  [48;5;75m  [48;5;75m  [48;5;69m  [48;5;69m  [48;5;69m  [48;5;69m  [48;5;69m  [48;5;69m  [48;5;69m  [48;5;69m  [48;5;69m  [48;5;75m  [48;5;75m  [48;5;75m  [48;5;75m  [48;5;45m  [48;5;44m  [48;5;50m  [48;5;85m  [48;5;191m  [48;5;54m  [0m|
[0m|[48;5;54m  [48;5;75m  [48;5;50m  [48;5;85m  [48;5;85m  [48;5;50m  [48;5;44m  [48;5;45m  [48;5;45m  [48;5;75m  [48;5;75m  [48;5;75m  [48;5;69m  [48;5;69m  [48;5;69m  [48;5;68m  [48;5;68m  [48;5;68m  [48;5;68m  [48;5;68m  [48;5;69m  [48;5;69m  [48;5;69m  [48;5;75m  [48;5;75m  [48;5;45m  [48;5;45m  [48;5;44m  [48;5;50m  [48;5;84m  [48;5;191m  [48;5;54m  [0m|
[0m|[48;5;54m  [48;5;75m  [48;5;50m  [48;5;85m  [48;5;85m  [48;5;50m  [48;5;44m  [48;5;45m  [48;5;75m  [48;5;75m  [48;5;75m  [48;5;69m  [48;5;69m  [48;5;68m  [48;5;68m  [48;5;68m  [48;5;61m  [48;5;61m  [48;5;68m  [48;5;68m  [48;5;68m  [48;5;69m  [48;5;69m  [48;5;75m  [48;5;75m  [48;5;45m  [48;5;44m  [48;5;50m  [48;5;85m  [48;5;84m  [48;5;191m  [48;5;54m  [0m|
[0m|[48;5;54m  [48;5;45m  [48;5;85m  [48;5;85m  [48;5;50m  [48;5;50m  [48;5;44m  [48;5;45m  [48;5;75m  [48;5;75m  [48;5;75m  [48;5;69m  [48;5;69m  [48;5;68m  [48;5;68m  [48;5;61m  [48;5;61m  [48;5;61m  [48;5;61m  [48;5;68m  [48;5;68m  [48;5;69m  [48;5;75m  [48;5;75m  [48;5;75m  [48;5;45m  [48;5;44m  [48;5;50m  [48;5;85m  [48;5;84m  [48;5;191m  [48;5;54m  [0m|
[0m|[48;5;54m  [48;5;44m  [48;5;85m  [48;5;85m  [48;5;50m  [48;5;44m  [48;5;44m  [48;5;45m  [48;5;75m  [48;5;75m  [48;5;75m  [48;5;69m  [48;5;68m  [48;5;68m  [48;5;61m  [48;5;61m  [48;5;54m  [48;5;61m  [48;5;61m  [48;5;68m  [48;5;68m  [48;5;69m  [48;5;75m  [48;5;75m  [48;5;75m  [48;5;45m  [48;5;44m  [48;5;50m  [48;5;85m  [48;5;84m  [48;5;191m  [48;5;54m  [0m|
[0m|[48;5;54m  [48;5;44m  [48;5;85m  [48;5;85m  [48;5;50m  [48;5;44m  [48;5;45m  [48;5;45m  [48;5;75m  [48;5;75m  [48;5;75m  [48;5;69m  [48;5;68m  [48;5;68m  [48;5;61m  [48;5;61m  [48;5;54m  [48;5;61m  [48;5;61m  [48;5;68m  [48;5;69m  [48;5;69m  [48;5;75m  [48;5;75m  [48;5;75m  [48;5;45m  [48;5;44m  [48;5;50m  [48;5;85m  [48;5;120m  [48;5;155m  [48;5;54m  [0m|
[0m|[48;5;54m  [48;5;44m  [48;5;85m  [48;5;85m  [48;5;50m  [48;5;44m  [48;5;45m  [48;5;45m  [48;5;75m  [48;5;75m  [48;5;75m  [48;5;69m  [48;5;68m  [48;5;68m  [48;5;61m  [48;5;61m  [48;5;61m  [48;5;61m  [48;5;68m  [48;5;68m  [48;5;69m  [48;5;69m  [48;5;75m  [48;5;75m  [48;5;45m  [48;5;45m  [48;5;44m  [48;5;50m  [48;5;85m  [48;5;120m  [48;5;120m  [48;5;54m  [0m|
[0m|[48;5;54m  [48;5;44m  [48;5;85m  [48;5;85m  [48;5;50m  [48;5;44m  [48;5;45m  [48;5;45m  [48;5;75m  [48;5;75m  [48;5;75m  [48;5;69m  [48;5;69m  [48;5;68m  [48;5;68m  [48;5;68m  [48;5;61m  [48;5;68m  [48;5;68m  [48;5;68m  [48;5;69m  [48;5;75m  [48;5;75m  [48;5;75m  [48;5;45m  [48;5;45m  [48;5;44m  [48;5;50m  [48;5;85m  [48;5;155m  [48;5;85m  [48;5;54m  [0m|
[0m|[48;5;54m  [48;5;45m  [48;5;50m  [48;5;85m  [48;5;50m  [48;5;44m  [48;5;45m  [48;5;45m  [48;5;75m  [48;5;75m  [48;5;75m  [48;5;69m  [48;5;69m  [48;5;69m  [48;5;68m  [48;5;68m  [48;5;68m  [48;5;68m  [48;5;68m  [48;5;69m  [48;5;69m  [48;5;75m  [48;5;75m  [48;5;75m  [48;5;45m  [48;5;44m  [48;5;44m  [48;5;50m  [48;5;85m  [48;5;155m  [48;5;44m  [48;5;54m  [0m|
[0m|[48;5;54m  [48;5;45m  [48;5;50m  [48;5;85m  [48;5;50m  [48;5;44m  [48;5;44m  [48;5;45m  [48;5;75m  [48;5;75m  [48;5;75m  [48;5;75m  [48;5;69m  [48;5;69m  [48;5;69m  [48;5;68m  [48;5;68m  [48;5;69m  [48;5;69m  [48;5;69m  [48;5;75m  [48;5;75m  [48;5;75m  [48;5;75m  [48;5;45m  [48;5;44m  [48;5;50m  [48;5;50m  [48;5;84m  [48;5;120m  [48;5;75m  [48;5;54m  [0m|
[0m|[48;5;54m  [48;5;75m  [48;5;44m  [48;5;50m  [48;5;50m  [48;5;50m  [48;5;44m  [48;5;45m  [48;5;45m  [48;5;75m  [48;5;75m  [48;5;75m  [48;5;75m  [48;5;69m  [48;5;69m  [48;5;69m  [48;5;69m  [48;5;69m  [48;5;69m  [48;5;75m  [48;5;75m  [48;5;75m  [48;5;75m  [48;5;45m  [48;5;44m  [48;5;44m  [48;5;50m  [48;5;85m  [48;5;120m  [48;5;84m  [48;5;68m  [48;5;54m  [0m|
[0m|[48;5;54m  [48;5;75m  [48;5;45m  [48;5;50m  [48;5;50m  [48;5;50m  [48;5;44m  [48;5;45m  [48;5;45m  [48;5;75m  [48;5;75m  [48;5;75m  [48;5;75m  [48;5;75m  [48;5;75m  [48;5;75m  [48;5;75m  [48;5;75m  [48;5;75m  [48;5;75m  [48;5;75m  [48;5;75m  [48;5;45m  [48;5;45m  [48;5;44m  [48;5;44m  [48;5;50m  [48;5;85m  [48;5;120m  [48;5;44m  [48;5;61m  [48;5;54m  [0m|
[0m|[48;5;54m  [48;5;68m  [48;5;75m  [48;5;44m  [48;5;50m  [48;5;50m  [48;5;44m  [48;5;44m  [48;5;45m  [48;5;45m  [48;5;75m  [48;5;75m  [48;5;75m  [48;5;75m  [48;5;75m  [48;5;75m  [48;5;75m  [48;5;75m  [48;5;75m  [48;5;75m  [48;5;75m  [48;5;45m  [48;5;45m  [48;5;44m  [48;5;44m  [48;5;50m  [48;5;85m  [48;5;84m  [48;5;84m  [48;5;75m  [48;5;54m  [48;5;54m  [0m|
[0m|[48;5;54m  [48;5;61m  [48;5;75m  [48;5;44m  [48;5;50m  [48;5;50m  [48;5;50m  [48;5;44m  [48;5;44m  [48;5;45m  [48;5;45m  [48;5;45m  [48;5;75m  [48;5;75m  [48;5;75m  [48;5;75m  [48;5;75m  [48;5;75m  [48;5;75m  [48;5;75m  [48;5;45m  [48;5;45m  [48;5;44m  [48;5;44m  [48;5;50m  [48;5;85m  [48;5;84m  [48;5;84m  [48;5;44m  [48;5;61m  [48;5;61m  [48;5;54m  [0m|
[0m|[48;5;54m  [48;5;54m  [48;5;68m  [48;5;75m  [48;5;44m  [48;5;50m  [48;5;50m  [48;5;50m  [48;5;44m  [48;5;44m  [48;5;44m  [48;5;45m  [48;5;45m  [48;5;45m  [48;5;45m  [48;5;45m  [48;5;45m  [48;5;45m  [48;5;45m  [48;5;45m  [48;5;45m  [48;5;44m  [48;5;44m  [48;5;50m  [48;5;85m  [48;5;84m  [48;5;84m  [48;5;50m  [48;5;69m  [48;5;54m  [48;5;61m  [48;5;54m  [0m|
[0m|[48;5;54m  [48;5;61m  [48;5;61m  [48;5;69m  [48;5;45m  [48;5;50m  [48;5;85m  [48;5;85m  [48;5;50m  [48;5;50m  [48;5;44m  [48;5;44m  [48;5;44m  [48;5;45m  [48;5;45m  [48;5;45m  [48;5;45m  [48;5;45m  [48;5;45m  [48;5;44m  [48;5;44m  [48;5;44m  [48;5;50m  [48;5;85m  [48;5;84m  [48;5;84m  [48;5;85m  [48;5;75m  [48;5;61m  [48;5;54m  [48;5;61m  [48;5;54m  [0m|
[0m|[48;5;54m  [48;5;61m  [48;5;54m  [48;5;61m  [48;5;75m  [48;5;45m  [48;5;50m  [48;5;85m  [48;5;85m  [48;5;50m  [48;5;50m  [48;5;50m  [48;5;44m  [48;5;44m  [48;5;44m  [48;5;44m  [48;5;44m  [48;5;44m  [48;5;44m  [48;5;44m  [48;5;50m  [48;5;50m  [48;5;85m  [48;5;84m  [48;5;84m  [48;5;85m  [48;5;75m  [48;5;68m  [48;5;54m  [48;5;61m  [48;5;61m  [48;5;54m  [0m|
[0m|[48;5;54m  [48;5;61m  [48;5;54m  [48;5;54m  [48;5;61m  [48;5;69m  [48;5;45m  [48;5;44m  [48;5;50m  [48;5;85m  [48;5;85m  [48;5;85m  [48;5;50m  [48;5;50m  [48;5;50m  [48;5;50m  [48;5;50m  [48;5;50m  [48;5;50m  [48;5;50m  [48;5;50m  [48;5;85m  [48;5;84m  [48;5;84m  [48;5;50m  [48;5;75m  [48;5;68m  [48;5;54m  [48;5;61m  [48;5;61m  [48;5;54m  [48;5;54m  [0m|
[0m|[48;5;54m  [48;5;54m  [48;5;54m  [48;5;54m  [48;5;54m  [48;5;61m  [48;5;69m  [48;5;75m  [48;5;44m  [48;5;50m  [48;5;85m  [48;5;85m  [48;5;85m  [48;5;85m  [48;5;85m  [48;5;85m  [48;5;85m  [48;5;85m  [48;5;85m  [48;5;85m  [48;5;85m  [48;5;85m  [48;5;85m  [48;5;44m  [48;5;75m  [48;5;68m  [48;5;54m  [48;5;61m  [48;5;61m  [48;5;61m  [48;5;54m  [48;5;54m  [0m|
[0m|[48;5;54m  [48;5;54m  [48;5;54m  [48;5;54m  [48;5;54m  [48;5;54m  [48;5;54m  [48;5;61m  [48;5;69m  [48;5;75m  [48;5;44m  [48;5;50m  [48;5;50m  [48;5;85m  [48;5;85m  [48;5;85m  [48;5;85m  [48;5;85m  [48;5;85m  [48;5;50m  [48;5;50m  [48;5;44m  [48;5;75m  [48;5;69m  [48;5;61m  [48;5;54m  [48;5;61m  [48;5;61m  [48;5;61m  [48;5;54m  [48;5;54m  [48;5;54m  [0m|
[0m|[48;5;54m  [48;5;54m  [48;5;54m  [48;5;54m  [48;5;54m  [48;5;54m  [48;5;54m  [48;5;54m  [48;5;54m  [48;5;61m  [48;5;68m  [48;5;75m  [48;5;75m  [48;5;45m  [48;5;44m  [48;5;44m  [48;5;44m  [48;5;44m  [48;5;45m  [48;5;45m  [48;5;75m  [48;5;69m  [48;5;61m  [48;5;61m  [48;5;68m  [48;5;68m  [48;5;68m  [48;5;61m  [48;5;54m  [48;5;54m  [48;5;54m  [48;5;54m  [0m|
[0m|[48;5;54m  [48;5;54m  [48;5;54m  [48;5;54m  [48;5;54m  [48;5;54m  [48;5;54m  [48;5;54m  [48;5;54m  [48;5;54m  [48;5;54m  [48;5;54m  [48;5;54m  [48;5;54m  [48;5;54m  [48;5;54m  [48;5;54m  [48;5;54m  [48;5;54m  [48;5;54m  [48;5;54m  [48;5;54m  [48;5;54m  [48;5;54m  [48;5;54m  [48;5;54m  [48;5;54m  [48;5;54m  [48;5;54m  [48;5;54m  [48;5;54m  [48;5;54m  [0m|
------------------------------------------------------------------
[48;5;54m 1.36e-08 [48;5;61m 4.21e-02 [48;5;68m 8.41e-02 [48;5;69m 1.26e-01 [48;5;75m 1.68e-01 [48;5;75m 2.10e-01 [48;5;45m 2.52e-01 [48;5;44m 2.94e-01 [48;5;50m 3.36e-01 [0m
[48;5;85m 3.79e-01 [48;5;84m 4.21e-01 [48;5;120m 4.63e-01 [48;5;155m 5.05e-01 [48;5;191m 5.47e-01 [48;5;191m 5.89e-01 [48;5;227m 6.31e-01 [48;5;221m 6.73e-01 [48;5;221m 7.15e-01 [0m
[48;5;214m 7.57e-01 [48;5;208m 7.99e-01 [48;5;208m 8.41e-01 [48;5;202m 8.83e-01 [48;5;166m 9.25e-01 [48;5;160m 9.67e-01 [0m


[0;32m==========================================[0m
[0;32m   NORMAL TERMINATION (t = 1.061856e+04)  [0m
[0;32m==========================================[0m
Total Computation Time: 1072.960000 sec.

