
[0;36m                                      _..._      [0m
[0;36m                      .-''-.       .-'_..._''.   [0m
[0;36m   __  __   ___     .' .-.  )    .' .'      '.\  [0m
[0;36m  |  |/  `.'   `.  / .'  / /    / .'             [0m
[0;36m  |   .-.  .-.   '(_/   / /    . '               [0m
[0;36m  |  |  |  |  |  |     / /     | |               [0m
[0;36m  |  |  |  |  |  |    / /      | |               [0m
[0;36m  |  |  |  |  |  |   . '       . '               [0m
[0;36m  |  |  |  |  |  |  / /    _.-')\ '.          .  [0m
[0;36m  |__|  |__|  |__|.' '  _.'.-''  '. `._____.-'/  [0m
[0;36m                 /  /.-'_.'        `-.______ /   [0m
[0;36m                /    _.'                    `    [0m
[0;36m               ( _.-'                            [0m

Revision: 03eb5ce+ | Branch: main | Tag: 
Computation started at: 2024-02-22.13:55:07 EDT
Using 8 processor cores (including concurrent programs).
Command: /home/kevinw3/tinkercliffs/zoey6/m2c input.st

[0;32m==========================================[0m
[0;32m                 START                    [0m
[0;32m==========================================[0m


- Mesh Statistics:
  X-Direction: [0.000000e+00, 2.000000e+01], 731 nodes/cells, dx_min = 3.502524e-03, dx_max = 1.991461e-01.
  Y-Direction: [-1.000000e-03, 1.000000e-03], 1 nodes/cells, dy_min = 2.000000e-03, dy_max = 2.000000e-03.
  Z-Direction: [-1.000000e-03, 1.000000e-03], 1 nodes/cells, dz_min = 2.000000e-03, dz_max = 2.000000e-03.
  Total number of nodes/cells: 731.
  Imposing spherical symmetry: x ~ radial coordinate.
  o Number of ghost nodes inside computational domain (overlapping between subdomains): 14
  o Number of ghost nodes outside computational domain: 5978


- Initializing the state variables (V) and material id. (ID).
  o Found Sphere[0]: Center: (0.000000e+00 0.000000e+00 0.000000e+00), Radius: 7.469000e-01. Mat. ID: 1

- Initializing Phi[0] for tracking the boundary of material 1.

- Initializing terminal visualization.

----------------------------
--       Main Loop        --
----------------------------
- Wrote solution at 0.000000e+00 to solution_0000.vtr.

[0;32m==========================================
 Pressure at 0.0000e+00 (Step 0)
[0;32m==========================================[0m
The X-Y plane. z: 0.00e+00, x (horiz.): [1.75e-03, 2.00e+00], y (vert.): [0.00e+00, 0.00e+00].
------------------------------------------------------------------------------------------------------
[0m|[48;5;54m  [48;5;54m  [48;5;54m  [48;5;54m  [48;5;54m  [48;5;54m  [48;5;54m  [48;5;54m  [48;5;54m  [48;5;54m  [48;5;54m  [48;5;54m  [48;5;54m  [48;5;54m  [48;5;54m  [48;5;54m  [48;5;54m  [48;5;54m  [48;5;54m  [48;5;160m  [48;5;160m  [48;5;160m  [48;5;160m  [48;5;160m  [48;5;160m  [48;5;160m  [48;5;160m  [48;5;160m  [48;5;160m  [48;5;160m  [48;5;160m  [48;5;160m  [48;5;160m  [48;5;160m  [48;5;160m  [48;5;160m  [48;5;160m  [48;5;160m  [48;5;160m  [48;5;160m  [48;5;160m  [48;5;160m  [48;5;160m  [48;5;160m  [48;5;160m  [48;5;160m  [48;5;160m  [48;5;160m  [48;5;160m  [48;5;160m  [0m|
------------------------------------------------------------------------------------------------------
[48;5;54m 1.00e+02 [48;5;61m 4.44e+03 [48;5;68m 8.79e+03 [48;5;69m 1.31e+04 [48;5;75m 1.75e+04 [48;5;75m 2.18e+04 [48;5;45m 2.62e+04 [48;5;44m 3.05e+04 [48;5;50m 3.48e+04 [0m
[48;5;85m 3.92e+04 [48;5;84m 4.35e+04 [48;5;120m 4.79e+04 [48;5;155m 5.22e+04 [48;5;191m 5.66e+04 [48;5;191m 6.09e+04 [48;5;227m 6.53e+04 [48;5;221m 6.96e+04 [48;5;221m 7.39e+04 [0m
[48;5;214m 7.83e+04 [48;5;208m 8.26e+04 [48;5;208m 8.70e+04 [48;5;202m 9.13e+04 [48;5;166m 9.57e+04 [48;5;160m 1.00e+05 [0m

Step 1: t = 0.000000e+00, dt = 7.005655e-10, cfl = 3.0000e-01. Computation time: 5.0000e-02 s.
Step 2: t = 7.005655e-10, dt = 7.005576e-10, cfl = 3.0000e-01. Computation time: 5.0000e-02 s.
Step 3: t = 1.401123e-09, dt = 7.005514e-10, cfl = 3.0000e-01. Computation time: 5.0000e-02 s.
Step 4: t = 2.101674e-09, dt = 7.005467e-10, cfl = 3.0000e-01. Computation time: 5.0000e-02 s.
Step 5: t = 2.802221e-09, dt = 7.005431e-10, cfl = 3.0000e-01. Computation time: 5.0000e-02 s.
Step 6: t = 3.502764e-09, dt = 7.005405e-10, cfl = 3.0000e-01. Computation time: 5.0000e-02 s.
Step 7: t = 4.203305e-09, dt = 7.005387e-10, cfl = 3.0000e-01. Computation time: 5.0000e-02 s.
Step 8: t = 4.903844e-09, dt = 7.005375e-10, cfl = 3.0000e-01. Computation time: 5.0000e-02 s.
Step 9: t = 5.604381e-09, dt = 7.005366e-10, cfl = 3.0000e-01. Computation time: 5.0000e-02 s.
Step 10: t = 6.304918e-09, dt = 7.005361e-10, cfl = 3.0000e-01. Computation time: 5.0000e-02 s.
Step 11: t = 7.005454e-09, dt = 7.005357e-10, cfl = 3.0000e-01. Computation time: 5.0000e-02 s.
Step 12: t = 7.705989e-09, dt = 7.005355e-10, cfl = 3.0000e-01. Computation time: 5.0000e-02 s.
Step 13: t = 8.406525e-09, dt = 7.005354e-10, cfl = 3.0000e-01. Computation time: 5.0000e-02 s.
Step 14: t = 9.107060e-09, dt = 7.005353e-10, cfl = 3.0000e-01. Computation time: 5.0000e-02 s.
Step 15: t = 9.807596e-09, dt = 7.005353e-10, cfl = 3.0000e-01. Computation time: 5.0000e-02 s.
Step 16: t = 1.050813e-08, dt = 7.005352e-10, cfl = 3.0000e-01. Computation time: 5.0000e-02 s.
Step 17: t = 1.120867e-08, dt = 7.005352e-10, cfl = 3.0000e-01. Computation time: 6.0000e-02 s.
Step 18: t = 1.190920e-08, dt = 7.005352e-10, cfl = 3.0000e-01. Computation time: 6.0000e-02 s.
Step 19: t = 1.260974e-08, dt = 7.005352e-10, cfl = 3.0000e-01. Computation time: 6.0000e-02 s.
Step 20: t = 1.331027e-08, dt = 7.005352e-10, cfl = 3.0000e-01. Computation time: 6.0000e-02 s.
Step 21: t = 1.401081e-08, dt = 7.005352e-10, cfl = 3.0000e-01. Computation time: 6.0000e-02 s.
Step 22: t = 1.471134e-08, dt = 7.005352e-10, cfl = 3.0000e-01. Computation time: 6.0000e-02 s.
Step 23: t = 1.541188e-08, dt = 7.005351e-10, cfl = 3.0000e-01. Computation time: 6.0000e-02 s.
Step 24: t = 1.611241e-08, dt = 7.005351e-10, cfl = 3.0000e-01. Computation time: 6.0000e-02 s.

....


Step 172705: t = 1.199856e-04, dt = 6.992252e-10, cfl = 3.0000e-01. Computation time: 7.6970e+01 s.
Step 172706: t = 1.199863e-04, dt = 6.992251e-10, cfl = 3.0000e-01. Computation time: 7.6970e+01 s.
Step 172707: t = 1.199870e-04, dt = 6.992250e-10, cfl = 3.0000e-01. Computation time: 7.6970e+01 s.
Step 172708: t = 1.199877e-04, dt = 6.992249e-10, cfl = 3.0000e-01. Computation time: 7.6970e+01 s.
Step 172709: t = 1.199884e-04, dt = 6.992248e-10, cfl = 3.0000e-01. Computation time: 7.6970e+01 s.
Step 172710: t = 1.199891e-04, dt = 6.992248e-10, cfl = 3.0000e-01. Computation time: 7.6970e+01 s.
Step 172711: t = 1.199898e-04, dt = 6.992247e-10, cfl = 3.0000e-01. Computation time: 7.6980e+01 s.
Step 172712: t = 1.199905e-04, dt = 6.992246e-10, cfl = 3.0000e-01. Computation time: 7.6980e+01 s.
Step 172713: t = 1.199912e-04, dt = 6.992245e-10, cfl = 3.0000e-01. Computation time: 7.6980e+01 s.
Step 172714: t = 1.199919e-04, dt = 6.992245e-10, cfl = 3.0000e-01. Computation time: 7.6980e+01 s.
Step 172715: t = 1.199926e-04, dt = 6.992244e-10, cfl = 3.0000e-01. Computation time: 7.6980e+01 s.
Step 172716: t = 1.199933e-04, dt = 6.992243e-10, cfl = 3.0000e-01. Computation time: 7.6980e+01 s.
Step 172717: t = 1.199940e-04, dt = 6.992242e-10, cfl = 3.0000e-01. Computation time: 7.6980e+01 s.
Step 172718: t = 1.199947e-04, dt = 6.992241e-10, cfl = 3.0000e-01. Computation time: 7.6980e+01 s.
Step 172719: t = 1.199954e-04, dt = 6.992241e-10, cfl = 3.0000e-01. Computation time: 7.6980e+01 s.
Step 172720: t = 1.199961e-04, dt = 6.992240e-10, cfl = 3.0000e-01. Computation time: 7.6980e+01 s.
Step 172721: t = 1.199968e-04, dt = 6.992239e-10, cfl = 3.0000e-01. Computation time: 7.6980e+01 s.
Step 172722: t = 1.199975e-04, dt = 6.992238e-10, cfl = 3.0000e-01. Computation time: 7.6980e+01 s.
Step 172723: t = 1.199982e-04, dt = 6.992237e-10, cfl = 3.0000e-01. Computation time: 7.6980e+01 s.
Step 172724: t = 1.199989e-04, dt = 6.992237e-10, cfl = 3.0000e-01. Computation time: 7.6980e+01 s.
Step 172725: t = 1.199996e-04, dt = 4.243871e-10, cfl = 1.8208e-01. Computation time: 7.6980e+01 s.
- Wrote solution at 1.200000e-04 to solution_0024.vtr.

[0;32m==========================================
 Pressure at 1.2000e-04 (Step 172725)
[0;32m==========================================[0m
The X-Y plane. z: 0.00e+00, x (horiz.): [1.75e-03, 2.00e+00], y (vert.): [0.00e+00, 0.00e+00].
------------------------------------------------------------------------------------------------------
[0m|[48;5;54m  [48;5;54m  [48;5;54m  [48;5;54m  [48;5;54m  [48;5;54m  [48;5;54m  [48;5;54m  [48;5;54m  [48;5;54m  [48;5;61m  [48;5;69m  [48;5;45m  [48;5;44m  [48;5;85m  [48;5;84m  [48;5;155m  [48;5;191m  [48;5;191m  [48;5;227m  [48;5;227m  [48;5;221m  [48;5;221m  [48;5;221m  [48;5;221m  [48;5;214m  [48;5;214m  [48;5;214m  [48;5;208m  [48;5;208m  [48;5;208m  [48;5;208m  [48;5;208m  [48;5;208m  [48;5;202m  [48;5;202m  [48;5;202m  [48;5;202m  [48;5;202m  [48;5;166m  [48;5;166m  [48;5;166m  [48;5;166m  [48;5;166m  [48;5;166m  [48;5;160m  [48;5;160m  [48;5;160m  [48;5;160m  [48;5;160m  [0m|
------------------------------------------------------------------------------------------------------
[48;5;54m 1.82e+03 [48;5;61m 5.38e+03 [48;5;68m 8.94e+03 [48;5;69m 1.25e+04 [48;5;75m 1.61e+04 [48;5;75m 1.96e+04 [48;5;45m 2.32e+04 [48;5;44m 2.67e+04 [48;5;50m 3.03e+04 [0m
[48;5;85m 3.38e+04 [48;5;84m 3.74e+04 [48;5;120m 4.10e+04 [48;5;155m 4.45e+04 [48;5;191m 4.81e+04 [48;5;191m 5.16e+04 [48;5;227m 5.52e+04 [48;5;221m 5.87e+04 [48;5;221m 6.23e+04 [0m
[48;5;214m 6.59e+04 [48;5;208m 6.94e+04 [48;5;208m 7.30e+04 [48;5;202m 7.65e+04 [48;5;166m 8.01e+04 [48;5;160m 8.36e+04 [0m


[0;32m==========================================[0m
[0;32m   NORMAL TERMINATION (t = 1.200000e-04)  [0m
[0;32m==========================================[0m
Total Computation Time: 76.980000 sec.

